\BOOKMARK [1][-]{section*.1}{ DEMONSTRATIVOS POR \323RG\303O E ENTIDADE}{}% 1
\BOOKMARK [1][-]{section*.2}{ PODER EXECUTIVO }{}% 2
\BOOKMARK [1][-]{section*.3}{ 1.37.0 - SECRETARIA DE ESTADO DE MEIO AMBIENTE E DESENVOLVIMENTO SUSTENT\301VEL - SEMAD }{}% 3
\BOOKMARK [2][-]{section*.4}{ 1.37.1 - SECRETARIA DE ESTADO DE MEIO AMBIENTE E DESENVOLVIMENTO SUSTENT\301VEL - SEMAD }{section*.3}% 4
\BOOKMARK [1][-]{section*.5}{ 1.37.0 - SECRETARIA DE ESTADO DE MEIO AMBIENTE E DESENVOLVIMENTO SUSTENT\301VEL - FEAM }{}% 5
\BOOKMARK [2][-]{section*.6}{ 2.09.1 - FUNDA\307\303O ESTADUAL DO MEIO AMBIENTE - FEAM }{section*.5}% 6
\BOOKMARK [1][-]{section*.7}{ 1.37.0 - SECRETARIA DE ESTADO DE MEIO AMBIENTE E DESENVOLVIMENTO SUSTENT\301VEL - IEF }{}% 7
\BOOKMARK [2][-]{section*.8}{ 2.10.1 - INSTITUTO ESTADUAL DE FLORESTAS - IEF }{section*.7}% 8
\BOOKMARK [1][-]{section*.9}{ 1.37.0 - SECRETARIA DE ESTADO DE MEIO AMBIENTE E DESENVOLVIMENTO SUSTENT\301VEL - IGAM }{}% 9
\BOOKMARK [2][-]{section*.10}{ 2.24.1 - INSTITUTO MINEIRO DE GEST\303O DAS \301GUAS - IGAM }{section*.9}% 10
\BOOKMARK [1][-]{section*.11}{ 1.37.0 - SECRETARIA DE ESTADO DE MEIO AMBIENTE E DESENVOLVIMENTO SUSTENT\301VEL - ARSAE -MG }{}% 11
\BOOKMARK [2][-]{section*.12}{ 2.44.1 - AG\312NCIA REGULADORA DE SERVI\307OS DE ABASTECIMENTO DE \301GUA E DE ESGOTAMENTO SANIT\301RIO DO ESTADO DE MINAS GERAIS - ARSAE -MG }{section*.11}% 12
\BOOKMARK [1][-]{section*.13}{ 1.37.0 - SECRETARIA DE ESTADO DE MEIO AMBIENTE E DESENVOLVIMENTO SUSTENT\301VEL - FHIDRO }{}% 13
\BOOKMARK [2][-]{section*.14}{ 4.34.1 - FUNDO DE RECUPERA\307\303O, PROTE\307\303O E DESENVOLVIMENTO SUSTENT\301VEL DAS BACIAS HIDROGR\301FICAS DO ESTADO DE MINAS GERAIS - FHIDRO }{section*.13}% 14
\BOOKMARK [1][-]{section*.15}{ 1.37.0 - SECRETARIA DE ESTADO DE MEIO AMBIENTE E DESENVOLVIMENTO SUSTENT\301VEL - FUNESB-MG }{}% 15
\BOOKMARK [2][-]{section*.16}{ 4.76.1 - FUNDO ESTADUAL DE SANEAMENTO B\301SICO DE MINAS GERAIS - FUNESB-MG }{section*.15}% 16
\BOOKMARK [1][-]{section*.17}{ }{}% 17
\BOOKMARK [2][-]{section*.18}{ }{section*.17}% 18
\BOOKMARK [2][-]{section*.19}{ }{section*.17}% 19
\BOOKMARK [1][-]{section*.20}{ 1.45.0 - SECRETARIA DE ESTADO DE JUSTI\307A E SEGURAN\307A P\332BLICA - FPE }{}% 20
\BOOKMARK [2][-]{section*.21}{ 4.14.1 - FUNDO PENITENCI\301RIO ESTADUAL - FPE }{section*.20}% 21
\BOOKMARK [1][-]{section*.22}{ 1.45.0 - SECRETARIA DE ESTADO DE JUSTI\307A E SEGURAN\307A P\332BLICA - FUNPREN }{}% 22
\BOOKMARK [2][-]{section*.23}{ 4.32.1 - FUNDO ESTADUAL DE PREVEN\307\303O, FISCALIZA\307\303O E REPRESS\303O DE ENTORPECENTES - FUNPREN }{section*.22}% 23
\BOOKMARK [1][-]{section*.24}{ 1.45.0 - SECRETARIA DE ESTADO DE JUSTI\307A E SEGURAN\307A P\332BLICA - FESP-MG }{}% 24
\BOOKMARK [2][-]{section*.25}{ 4.69.1 - FUNDO ESTADUAL DE SEGURAN\307A P\332BLICA DE MINAS GERAIS - FESP-MG }{section*.24}% 25
\BOOKMARK [2][-]{section*.26}{ }{section*.24}% 26
\BOOKMARK [1][-]{section*.27}{ 1.48.0 - SECRETARIA DE ESTADO DE DESENVOLVIMENTO SOCIAL - UTRAMIG }{}% 27
\BOOKMARK [2][-]{section*.28}{ 2.28.1 - FUNDA\307\303O DE EDUCA\307\303O PARA O TRABALHO DE MINAS GERAIS - UTRAMIG }{section*.27}% 28
\BOOKMARK [2][-]{section*.29}{ }{section*.27}% 29
\BOOKMARK [1][-]{section*.30}{ 1.48.0 - SECRETARIA DE ESTADO DE DESENVOLVIMENTO SOCIAL - FIA }{}% 30
\BOOKMARK [2][-]{section*.31}{ 4.09.1 - FUNDO PARA A INF\302NCIA E A ADOLESC\312NCIA - FIA }{section*.30}% 31
\BOOKMARK [1][-]{section*.32}{ 1.48.0 - SECRETARIA DE ESTADO DE DESENVOLVIMENTO SOCIAL - FEH }{}% 32
\BOOKMARK [2][-]{section*.33}{ 4.10.1 - FUNDO ESTADUAL DE HABITA\307\303O - FEH }{section*.32}% 33
\BOOKMARK [1][-]{section*.34}{ 1.48.0 - SECRETARIA DE ESTADO DE DESENVOLVIMENTO SOCIAL - FEAS }{}% 34
\BOOKMARK [2][-]{section*.35}{ 4.25.1 - FUNDO ESTADUAL DE ASSIST\312NCIA SOCIAL - FEAS }{section*.34}% 35
\BOOKMARK [1][-]{section*.36}{ 1.48.0 - SECRETARIA DE ESTADO DE DESENVOLVIMENTO SOCIAL - FUNDIF }{}% 36
\BOOKMARK [2][-]{section*.37}{ 4.42.1 - FUNDO ESTADUAL DE DEFESA DE DIREITOS DIFUSOS - FUNDIF }{section*.36}% 37
\BOOKMARK [1][-]{section*.38}{ 1.48.0 - SECRETARIA DE ESTADO DE DESENVOLVIMENTO SOCIAL - FEI }{}% 38
\BOOKMARK [2][-]{section*.39}{ 4.60.1 - FUNDO ESTADUAL DOS DIREITOS DO IDOSO - FEI }{section*.38}% 39
\BOOKMARK [1][-]{section*.40}{ 1.48.0 - SECRETARIA DE ESTADO DE DESENVOLVIMENTO SOCIAL - FET-MG }{}% 40
\BOOKMARK [2][-]{section*.41}{ 4.70.1 - FUNDO ESTADUAL DO TRABALHO DE MINAS GERAIS - FET-MG }{section*.40}% 41
\BOOKMARK [1][-]{section*.42}{ 1.49.0 - SECRETARIA DE ESTADO DE GOVERNO - SEGOV }{}% 42
\BOOKMARK [2][-]{section*.43}{ 1.49.1 - SECRETARIA DE ESTADO DE GOVERNO - SEGOV }{section*.42}% 43
\BOOKMARK [1][-]{section*.44}{ 1.50.0 - SECRETARIA DE ESTADO DE PLANEJAMENTO E GEST\303O - SEPLAG }{}% 44
\BOOKMARK [2][-]{section*.45}{ 1.50.1 - SECRETARIA DE ESTADO DE PLANEJAMENTO E GEST\303O - SEPLAG }{section*.44}% 45
\BOOKMARK [2][-]{section*.46}{ }{section*.44}% 46
\BOOKMARK [2][-]{section*.47}{ }{section*.44}% 47
\BOOKMARK [1][-]{section*.48}{ 1.50.0 - SECRETARIA DE ESTADO DE PLANEJAMENTO E GEST\303O - IPEMMG }{}% 48
\BOOKMARK [2][-]{section*.49}{ 2.33.1 - INSTITUTO DE METROLOGIA E QUALIDADE DO ESTADO DE MINAS GERAIS - IPEMMG }{section*.48}% 49
\BOOKMARK [2][-]{section*.50}{ }{section*.48}% 50
\BOOKMARK [2][-]{section*.51}{ }{section*.48}% 51
\BOOKMARK [2][-]{section*.52}{ }{section*.48}% 52
\BOOKMARK [2][-]{section*.53}{ }{section*.48}% 53
\BOOKMARK [1][-]{section*.54}{ 1.52.0 - CONTROLADORIA-GERAL DO ESTADO - CGE }{}% 54
\BOOKMARK [2][-]{section*.55}{ 1.52.1 - CONTROLADORIA-GERAL DO ESTADO - CGE }{section*.54}% 55
\BOOKMARK [1][-]{section*.56}{ 1.54.0 - ESCOLA DE SA\332DE P\332BLICA DO ESTADO DE MINAS GERAIS - ESP MG }{}% 56
\BOOKMARK [2][-]{section*.57}{ 1.54.1 - ESCOLA DE SA\332DE P\332BLICA DO ESTADO DE MINAS GERAIS - ESP MG }{section*.56}% 57
\BOOKMARK [1][-]{section*.58}{ 1.63.0 - GOVERNADORIA DO ESTADO - SEC. GERAL }{}% 58
\BOOKMARK [2][-]{section*.59}{ 1.63.1 - SECRETARIA-GERAL - SEC. GERAL }{section*.58}% 59
\BOOKMARK [1][-]{section*.60}{ 1.71.0 - SECRETARIA DE ESTADO DE COMUNICA\307\303O SOCIAL - SECOM }{}% 60
\BOOKMARK [2][-]{section*.61}{ 1.71.1 - SECRETARIA DE ESTADO DE COMUNICA\307\303O SOCIAL - SECOM }{section*.60}% 61
\BOOKMARK [1][-]{section*.62}{ 1.71.0 - SECRETARIA DE ESTADO DE COMUNICA\307\303O SOCIAL - TV MINAS }{}% 62
\BOOKMARK [2][-]{section*.63}{ 2.21.1 - FUNDA\307\303O TV MINAS CULTURAL E EDUCATIVA - TV MINAS }{section*.62}% 63
\BOOKMARK [1][-]{section*.64}{ 1.71.0 - SECRETARIA DE ESTADO DE COMUNICA\307\303O SOCIAL - EMC }{}% 64
\BOOKMARK [2][-]{section*.65}{ 3.15.1 - EMPRESA MINEIRA DE COMUNICA\307\303O - EMC }{section*.64}% 65
\BOOKMARK [1][-]{section*.66}{ 1.72.0 - SECRETARIA DE ESTADO DA CASA CIVIL - SCC }{}% 66
\BOOKMARK [2][-]{section*.67}{ 1.72.1 - SECRETARIA DE ESTADO DA CASA CIVIL - SCC }{section*.66}% 67
\BOOKMARK [2][-]{section*.68}{ }{section*.66}% 68
\BOOKMARK [2][-]{section*.69}{ }{section*.66}% 69
\BOOKMARK [1][-]{section*.70}{ 1.94.0 - ENCARGOS GERAIS DO ESTADO - SECRETARIA DE ESTADO DE PLANEJAMENTO E GEST\303O - EGE-SEPLAG }{}% 70
\BOOKMARK [2][-]{section*.71}{ 1.94.1 - EGE-SECRETARIA DE ESTADO DE PLANEJAMENTO E GEST\303O - EGE-SEPLAG }{section*.70}% 71
\BOOKMARK [1][-]{section*.72}{ 1.95.0 - ENCARGOS GERAIS DO ESTADO - INSTRUMENTOS DE ENTRADA DE RECURSOS - EGE - CASA CIVIL }{}% 72
\BOOKMARK [2][-]{section*.73}{ 1.95.1 - ENCARGOS GERAIS DO ESTADO - INSTRUMENTOS DE ENTRADA DE RECURSOS - EGE - CASA CIVIL }{section*.72}% 73
\BOOKMARK [1][-]{section*.74}{ MINIST\311RIO P\332BLICO }{}% 74
\BOOKMARK [2][-]{section*.75}{ }{section*.74}% 75
\BOOKMARK [1][-]{section*.76}{ 1.09.0 - MINIST\311RIO P\332BLICO DO ESTADO DE MINAS GERAIS - FUNEMP }{}% 76
\BOOKMARK [2][-]{section*.77}{ 4.44.1 - FUNDO ESPECIAL DO MINIST\311RIO P\332BLICO DO ESTADO DE MINAS GERAIS - FUNEMP }{section*.76}% 77
\BOOKMARK [1][-]{section*.78}{ 1.09.0 - MINIST\311RIO P\332BLICO DO ESTADO DE MINAS GERAIS - FEPDC }{}% 78
\BOOKMARK [2][-]{section*.79}{ 4.45.1 - FUNDO ESTADUAL DE PROTE\307\303O E DEFESA DO CONSUMIDOR - FEPDC }{section*.78}% 79
\BOOKMARK [1][-]{section*.80}{ 1.09.0 - MINIST\311RIO P\332BLICO DO ESTADO DE MINAS GERAIS - FDMP }{}% 80
\BOOKMARK [2][-]{section*.81}{ 4.73.1 - FUNDO DE DESENVOLVIMENTO DO MINIST\311RIO P\332BLICO - FDMP }{section*.80}% 81
\BOOKMARK [1][-]{section*.82}{GRUPOS DE DESPESA, FONTES DE RECURSO, IDENTIFICADORES DE PROCED\312NCIA E USO E IDENTIFICADORES DE A\307\303O GOVERNAMENTAL}{}% 82
