\BOOKMARK [1][-]{section*.1}{ DEMONSTRATIVOS POR \323RG\303O E ENTIDADE}{}% 1
\BOOKMARK [1][-]{section*.2}{ PODER LEGISLATIVO }{}% 2
\BOOKMARK [1][-]{section*.3}{ 1.01.0 - ASSEMBLEIA LEGISLATIVA DO ESTADO DE MINAS GERAIS - ALMG }{}% 3
\BOOKMARK [2][-]{section*.4}{ 1.01.1 - ASSEMBLEIA LEGISLATIVA DO ESTADO DE MINAS GERAIS - ALMG }{section*.3}% 4
\BOOKMARK [2][-]{section*.5}{ 2.36.1 - INSTITUTO DE PREVID\312NCIA DO LEGISLATIVO DO ESTADO DE MINAS GERAIS - IPLEMG }{section*.3}% 5
\BOOKMARK [2][-]{section*.6}{ 4.12.1 - FUNDO ESPECIAL DA ASSEMBLEIA LEGISLATIVA DO ESTADO DE MINAS GERAIS - FUNDALEMG }{section*.3}% 6
\BOOKMARK [1][-]{section*.7}{ 1.02.0 - TRIBUNAL DE CONTAS DO ESTADO DE MINAS GERAIS - TCEMG }{}% 7
\BOOKMARK [2][-]{section*.8}{ 1.02.1 - TRIBUNAL DE CONTAS DO ESTADO DE MINAS GERAIS - TCEMG }{section*.7}% 8
\BOOKMARK [2][-]{section*.9}{ 4.61.1 - FUNDO DO TRIBUNAL DE CONTAS DO ESTADO DE MINAS GERAIS - FUNCONTAS }{section*.7}% 9
\BOOKMARK [1][-]{section*.10}{ PODER JUDICI\301RIO }{}% 10
\BOOKMARK [1][-]{section*.11}{ 1.03.0 - TRIBUNAL DE JUSTI\307A DO ESTADO DE MINAS GERAIS - TJMG }{}% 11
\BOOKMARK [2][-]{section*.12}{ 1.03.1 - TRIBUNAL DE JUSTI\307A DO ESTADO DE MINAS GERAIS - TJMG }{section*.11}% 12
\BOOKMARK [2][-]{section*.13}{ 4.03.1 - FUNDO ESPECIAL DO PODER JUDICI\301RIO DO ESTADO DE MINAS GERAIS - FEPJ }{section*.11}% 13
\BOOKMARK [1][-]{section*.14}{ 1.05.0 - TRIBUNAL DE JUSTI\307A MILITAR DO ESTADO DE MINAS GERAIS - TJMMG }{}% 14
\BOOKMARK [2][-]{section*.15}{ 1.05.1 - TRIBUNAL DE JUSTI\307A MILITAR DO ESTADO DE MINAS GERAIS - TJMMG }{section*.14}% 15
\BOOKMARK [1][-]{section*.16}{ PODER EXECUTIVO }{}% 16
\BOOKMARK [1][-]{section*.17}{ 1.07.0 - GABINETE MILITAR DO GOVERNADOR DO ESTADO DE MINAS GERAIS - GMG }{}% 17
\BOOKMARK [2][-]{section*.18}{ 1.07.1 - GABINETE MILITAR DO GOVERNADOR DO ESTADO DE MINAS GERAIS - GABINETE MILITAR }{section*.17}% 18
\BOOKMARK [1][-]{section*.19}{ 1.08.0 - ADVOCACIA GERAL DO ESTADO - AGE }{}% 19
\BOOKMARK [2][-]{section*.20}{ 1.08.1 - ADVOCACIA GERAL DO ESTADO - AGE }{section*.19}% 20
\BOOKMARK [2][-]{section*.21}{ 4.75.1 - FUNDO ESPECIAL DA ADVOCACIA-GERAL DO ESTADO - FEAGE }{section*.19}% 21
\BOOKMARK [1][-]{section*.22}{ 1.10.0 - OUVIDORIA-GERAL DO ESTADO DE MINAS GERAIS - OGE }{}% 22
\BOOKMARK [2][-]{section*.23}{ 1.10.1 - OUVIDORIA-GERAL DO ESTADO DE MINAS GERAIS - OGE }{section*.22}% 23
\BOOKMARK [1][-]{section*.24}{ 1.19.0 - SECRETARIA DE ESTADO DE FAZENDA - SEF }{}% 24
\BOOKMARK [2][-]{section*.25}{ 1.19.1 - SECRETARIA DE ESTADO DE FAZENDA - SEF }{section*.24}% 25
\BOOKMARK [2][-]{section*.26}{ 4.62.1 - FUNDO DE INVESTIMENTO DO ESTADO DE MINAS GERAIS - MG INVESTE }{section*.24}% 26
\BOOKMARK [2][-]{section*.27}{ 4.65.1 - FUNDO ESPECIAL DE CR\311DITOS INADIMPLIDOS E D\315VIDA ATIVA - FECIDAT }{section*.24}% 27
\BOOKMARK [2][-]{section*.28}{ 4.72.1 - FUNDO ESTADUAL DE PREVID\312NCIA DO ESTADO DE MINAS GERAIS - FEPREMG }{section*.24}% 28
\BOOKMARK [1][-]{section*.29}{ 1.22.0 - SECRETARIA DE ESTADO DE DESENVOLVIMENTO ECON\324MICO - SEDE }{}% 29
\BOOKMARK [2][-]{section*.30}{ 1.22.1 - SECRETARIA DE ESTADO DE DESENVOLVIMENTO ECON\324MICO - SEDE }{section*.29}% 30
\BOOKMARK [2][-]{section*.31}{ 2.04.1 - LOTERIA DO ESTADO DE MINAS GERAIS - LEMG }{section*.29}% 31
\BOOKMARK [2][-]{section*.32}{ 2.07.1 - FUNDA\307\303O DE AMPARO \300 PESQUISA DO ESTADO DE MINAS GERAIS - FAPEMIG }{section*.29}% 32
\BOOKMARK [2][-]{section*.33}{ 2.25.1 - JUNTA COMERCIAL DO ESTADO DE MINAS GERAIS - JUCEMG }{section*.29}% 33
\BOOKMARK [2][-]{section*.34}{ 4.11.1 - FUNDO DE FOMENTO E DESENVOLVIMENTO SOCIOECON\324MICO DO ESTADO DE MINAS GERAIS - FUNDESE }{section*.29}% 34
\BOOKMARK [2][-]{section*.35}{ 4.66.1 - FUNDO DE ATIVOS IMOBILI\301RIOS DE MINAS GERAIS - FAIMG }{section*.29}% 35
\BOOKMARK [2][-]{section*.36}{ 4.67.1 - FUNDO DE INVESTIMENTOS IMOBILI\301RIOS DE MINAS GERAIS - FIIMG }{section*.29}% 36
\BOOKMARK [1][-]{section*.37}{ 1.23.0 - SECRETARIA DE ESTADO DE AGRICULTURA, PECU\301RIA E ABASTECIMENTO - SEAPA }{}% 37
\BOOKMARK [2][-]{section*.38}{ 1.23.1 - SECRETARIA DE ESTADO DE AGRICULTURA, PECU\301RIA E ABASTECIMENTO - SEAPA }{section*.37}% 38
\BOOKMARK [2][-]{section*.39}{ 2.37.1 - INSTITUTO MINEIRO DE AGROPECU\301RIA - IMA }{section*.37}% 39
\BOOKMARK [2][-]{section*.40}{ 3.04.1 - EMPRESA DE ASSIST\312NCIA T\311CNICA E EXTENS\303O RURAL DO ESTADO DE MINAS GERAIS - EMATER }{section*.37}% 40
\BOOKMARK [2][-]{section*.41}{ 3.05.1 - EMPRESA DE PESQUISA AGROPECU\301RIA DE MINAS GERAIS - EPAMIG }{section*.37}% 41
\BOOKMARK [1][-]{section*.42}{ 1.25.0 - POL\315CIA MILITAR DO ESTADO DE MINAS GERAIS - PMMG }{}% 42
\BOOKMARK [2][-]{section*.43}{ 1.25.1 - POL\315CIA MILITAR DO ESTADO DE MINAS GERAIS - PMMG }{section*.42}% 43
\BOOKMARK [2][-]{section*.44}{ 2.12.1 - INSTITUTO DE PREVID\312NCIA DOS SERVIDORES MILITARES DO ESTADO DE MINAS GERAIS - IPSM }{section*.42}% 44
\BOOKMARK [2][-]{section*.45}{ 4.54.1 - FUNDO DE APOIO HABITACIONAL AOS MILITARES DO ESTADO DE MINAS GERAIS - FAHMEMG }{section*.42}% 45
\BOOKMARK [1][-]{section*.46}{ 1.26.0 - SECRETARIA DE ESTADO DE EDUCA\307\303O - SEE }{}% 46
\BOOKMARK [2][-]{section*.47}{ 1.26.1 - SECRETARIA DE ESTADO DE EDUCA\307\303O - SEE }{section*.46}% 47
\BOOKMARK [2][-]{section*.48}{ 2.15.1 - FUNDA\307\303O HELENA ANTIPOFF - FHA }{section*.46}% 48
\BOOKMARK [2][-]{section*.49}{ 2.16.1 - FUNDA\307\303O EDUCACIONAL CAIO MARTINS - FUCAM }{section*.46}% 49
\BOOKMARK [2][-]{section*.50}{ 2.31.1 - UNIVERSIDADE ESTADUAL DE MONTES CLAROS - UNIMONTES }{section*.46}% 50
\BOOKMARK [2][-]{section*.51}{ 2.35.1 - UNIVERSIDADE DO ESTADO DE MINAS GERAIS - UEMG }{section*.46}% 51
\BOOKMARK [1][-]{section*.52}{ 1.27.0 - SECRETARIA DE ESTADO DE CULTURA E TURISMO - SECULT }{}% 52
\BOOKMARK [2][-]{section*.53}{ 1.27.1 - SECRETARIA DE ESTADO DE CULTURA E TURISMO - SECULT }{section*.52}% 53
\BOOKMARK [2][-]{section*.54}{ 2.17.1 - FUNDA\307\303O DE ARTE DE OURO PRETO - FAOP }{section*.52}% 54
\BOOKMARK [2][-]{section*.55}{ 2.18.1 - FUNDA\307\303O CL\323VIS SALGADO - FCS }{section*.52}% 55
\BOOKMARK [2][-]{section*.56}{ 2.20.1 - INSTITUTO ESTADUAL DO PATRIM\324NIO HIST\323RICO E ART\315STICO DE MINAS GERAIS - IEPHA }{section*.52}% 56
\BOOKMARK [2][-]{section*.57}{ 4.15.1 - FUNDO DE ASSIST\312NCIA AO TURISMO - FASTUR }{section*.52}% 57
\BOOKMARK [2][-]{section*.58}{ 4.49.1 - FUNDO ESTADUAL DE CULTURA - FEC }{section*.52}% 58
\BOOKMARK [1][-]{section*.59}{ 1.30.0 - SECRETARIA DE ESTADO DE INFRAESTRUTURA, MOBILIDADE E PARCERIA - SEINFRA }{}% 59
\BOOKMARK [2][-]{section*.60}{ 1.30.1 - SECRETARIA DE ESTADO DE INFRAESTRUTURA, MOBILIDADE E PARCERIAS - SEINFRA }{section*.59}% 60
\BOOKMARK [2][-]{section*.61}{ 2.30.1 - DEPARTAMENTO DE ESTRADAS DE RODAGEM DO ESTADO DE MINAS GERAIS - DER-MG }{section*.59}% 61
\BOOKMARK [2][-]{section*.62}{ 2.43.1 - AG\312NCIA DE DESENVOLVIMENTO DA REGI\303O METROPOLITANA DE BELO HORIZONTE - AG\312NCIA RMBH }{section*.59}% 62
\BOOKMARK [2][-]{section*.63}{ 2.46.1 - AG\312NCIA DE DESENVOLVIMENTO DA REGI\303O METROPOLITANA DO VALE DO A\307O - ARMVA }{section*.59}% 63
\BOOKMARK [2][-]{section*.64}{ 2.47.1 - AG\312NCIA REGULADORA DE TRANSPORTES DO ESTADO DE MINAS GERAIS - ARTEMIG }{section*.59}% 64
\BOOKMARK [2][-]{section*.65}{ 4.33.1 - FUNDO DE DESENVOLVIMENTO METROPOLITANO - FDM }{section*.59}% 65
\BOOKMARK [2][-]{section*.66}{ 4.38.1 - FUNDO ESTADUAL DE DESENVOLVIMENTO DE TRANSPORTES - FUNTRANS }{section*.59}% 66
\BOOKMARK [2][-]{section*.67}{ 4.63.1 - FUNDO DE PAGAMENTO DE PARCERIAS P\332BLICO - PRIVADAS DE MINAS GERAIS - FPP - MG }{section*.59}% 67
\BOOKMARK [2][-]{section*.68}{ 4.64.1 - FUNDO DE GARANTIAS DE PARCERIAS P\332BLICO - PRIVADAS DE MINAS GERAIS - FGP - MG }{section*.59}% 68
\BOOKMARK [1][-]{section*.69}{GRUPOS DE DESPESA, FONTES DE RECURSO, IDENTIFICADORES DE PROCED\312NCIA E USO E IDENTIFICADORES DE A\307\303O GOVERNAMENTAL}{}% 69
