\BOOKMARK [1][-]{section*.1}{ DEMONSTRATIVOS POR \323RG\303O E ENTIDADE}{}% 1
\BOOKMARK [1][-]{section*.2}{ PODER LEGISLATIVO }{}% 2
\BOOKMARK [1][-]{section*.3}{ 1.01.0 - ASSEMBLEIA LEGISLATIVA DO ESTADO DE MINAS GERAIS - ALMG }{}% 3
\BOOKMARK [2][-]{section*.4}{ 1.01.1 - ASSEMBLEIA LEGISLATIVA DO ESTADO DE MINAS GERAIS - ALMG }{section*.3}% 4
\BOOKMARK [1][-]{section*.5}{ 1.01.0 - ASSEMBLEIA LEGISLATIVA DO ESTADO DE MINAS GERAIS - IPLEMG }{}% 5
\BOOKMARK [2][-]{section*.6}{ 2.36.1 - INSTITUTO DE PREVID\312NCIA DO LEGISLATIVO DO ESTADO DE MINAS GERAIS - IPLEMG }{section*.5}% 6
\BOOKMARK [1][-]{section*.7}{ 1.01.0 - ASSEMBLEIA LEGISLATIVA DO ESTADO DE MINAS GERAIS - FUNDALEMG }{}% 7
\BOOKMARK [2][-]{section*.8}{ 4.12.1 - FUNDO ESPECIAL DA ASSEMBLEIA LEGISLATIVA DO ESTADO DE MINAS GERAIS - FUNDALEMG }{section*.7}% 8
\BOOKMARK [1][-]{section*.9}{ 1.02.0 - TRIBUNAL DE CONTAS DO ESTADO DE MINAS GERAIS - TCEMG }{}% 9
\BOOKMARK [2][-]{section*.10}{ 1.02.1 - TRIBUNAL DE CONTAS DO ESTADO DE MINAS GERAIS - TCEMG }{section*.9}% 10
\BOOKMARK [1][-]{section*.11}{ 1.02.0 - TRIBUNAL DE CONTAS DO ESTADO DE MINAS GERAIS - FUNCONTAS }{}% 11
\BOOKMARK [2][-]{section*.12}{ 4.61.1 - FUNDO DO TRIBUNAL DE CONTAS DO ESTADO DE MINAS GERAIS - FUNCONTAS }{section*.11}% 12
\BOOKMARK [1][-]{section*.13}{ PODER JUDICI\301RIO }{}% 13
\BOOKMARK [1][-]{section*.14}{ 1.03.0 - TRIBUNAL DE JUSTI\307A DO ESTADO DE MINAS GERAIS - TJMG }{}% 14
\BOOKMARK [2][-]{section*.15}{ 1.03.1 - TRIBUNAL DE JUSTI\307A DO ESTADO DE MINAS GERAIS - TJMG }{section*.14}% 15
\BOOKMARK [1][-]{section*.16}{ 1.03.0 - TRIBUNAL DE JUSTI\307A DO ESTADO DE MINAS GERAIS - FEPJ }{}% 16
\BOOKMARK [2][-]{section*.17}{ 4.03.1 - FUNDO ESPECIAL DO PODER JUDICI\301RIO DO ESTADO DE MINAS GERAIS - FEPJ }{section*.16}% 17
\BOOKMARK [1][-]{section*.18}{ 1.05.0 - TRIBUNAL DE JUSTI\307A MILITAR DO ESTADO DE MINAS GERAIS - TJMMG }{}% 18
\BOOKMARK [2][-]{section*.19}{ 1.05.1 - TRIBUNAL DE JUSTI\307A MILITAR DO ESTADO DE MINAS GERAIS - TJMMG }{section*.18}% 19
\BOOKMARK [1][-]{section*.20}{ PODER EXECUTIVO }{}% 20
\BOOKMARK [1][-]{section*.21}{ 1.07.0 - GABINETE MILITAR DO GOVERNADOR DO ESTADO DE MINAS GERAIS - GABINETE MILITAR }{}% 21
\BOOKMARK [2][-]{section*.22}{ 1.07.1 - GABINETE MILITAR DO GOVERNADOR DO ESTADO DE MINAS GERAIS - GABINETE MILITAR }{section*.21}% 22
\BOOKMARK [1][-]{section*.23}{ 1.08.0 - ADVOCACIA GERAL DO ESTADO - AGE }{}% 23
\BOOKMARK [2][-]{section*.24}{ 1.08.1 - ADVOCACIA GERAL DO ESTADO - AGE }{section*.23}% 24
\BOOKMARK [1][-]{section*.25}{ 1.08.0 - ADVOCACIA GERAL DO ESTADO - FEAGE }{}% 25
\BOOKMARK [2][-]{section*.26}{ 4.75.1 - FUNDO ESPECIAL DA ADVOCACIA-GERAL DO ESTADO - FEAGE }{section*.25}% 26
\BOOKMARK [1][-]{section*.27}{ 1.10.0 - OUVIDORIA-GERAL DO ESTADO DE MINAS GERAIS - OGE }{}% 27
\BOOKMARK [2][-]{section*.28}{ 1.10.1 - OUVIDORIA-GERAL DO ESTADO DE MINAS GERAIS - OGE }{section*.27}% 28
\BOOKMARK [1][-]{section*.29}{ 1.19.0 - SECRETARIA DE ESTADO DE FAZENDA - SEF }{}% 29
\BOOKMARK [2][-]{section*.30}{ 1.19.1 - SECRETARIA DE ESTADO DE FAZENDA - SEF }{section*.29}% 30
\BOOKMARK [1][-]{section*.31}{ 1.19.0 - SECRETARIA DE ESTADO DE FAZENDA - MG INVESTE }{}% 31
\BOOKMARK [2][-]{section*.32}{ 4.62.1 - FUNDO DE INVESTIMENTO DO ESTADO DE MINAS GERAIS - MG INVESTE }{section*.31}% 32
\BOOKMARK [1][-]{section*.33}{ 1.19.0 - SECRETARIA DE ESTADO DE FAZENDA - FEPREMG }{}% 33
\BOOKMARK [2][-]{section*.34}{ 4.72.1 - FUNDO ESTADUAL DE PREVID\312NCIA DO ESTADO DE MINAS GERAIS - FEPREMG }{section*.33}% 34
\BOOKMARK [1][-]{section*.35}{ 1.22.0 - SECRETARIA DE ESTADO DE DESENVOLVIMENTO ECON\324MICO - SEDE }{}% 35
\BOOKMARK [2][-]{section*.36}{ 1.22.1 - SECRETARIA DE ESTADO DE DESENVOLVIMENTO ECON\324MICO - SEDE }{section*.35}% 36
\BOOKMARK [1][-]{section*.37}{ 1.22.0 - SECRETARIA DE ESTADO DE DESENVOLVIMENTO ECON\324MICO - LEMG }{}% 37
\BOOKMARK [2][-]{section*.38}{ 2.04.1 - LOTERIA DO ESTADO DE MINAS GERAIS - LEMG }{section*.37}% 38
\BOOKMARK [1][-]{section*.39}{ 1.22.0 - SECRETARIA DE ESTADO DE DESENVOLVIMENTO ECON\324MICO - FAPEMIG }{}% 39
\BOOKMARK [2][-]{section*.40}{ 2.07.1 - FUNDA\307\303O DE AMPARO \300 PESQUISA DO ESTADO DE MINAS GERAIS - FAPEMIG }{section*.39}% 40
\BOOKMARK [1][-]{section*.41}{ 1.22.0 - SECRETARIA DE ESTADO DE DESENVOLVIMENTO ECON\324MICO - JUCEMG }{}% 41
\BOOKMARK [2][-]{section*.42}{ 2.25.1 - JUNTA COMERCIAL DO ESTADO DE MINAS GERAIS - JUCEMG }{section*.41}% 42
\BOOKMARK [1][-]{section*.43}{ 1.22.0 - SECRETARIA DE ESTADO DE DESENVOLVIMENTO ECON\324MICO - FUNDESE }{}% 43
\BOOKMARK [2][-]{section*.44}{ 4.11.1 - FUNDO DE FOMENTO E DESENVOLVIMENTO SOCIOECON\324MICO DO ESTADO DE MINAS GERAIS - FUNDESE }{section*.43}% 44
\BOOKMARK [1][-]{section*.45}{ 1.22.0 - SECRETARIA DE ESTADO DE DESENVOLVIMENTO ECON\324MICO - FAIMG }{}% 45
\BOOKMARK [2][-]{section*.46}{ 4.66.1 - FUNDO DE ATIVOS IMOBILI\301RIOS DE MINAS GERAIS - FAIMG }{section*.45}% 46
\BOOKMARK [1][-]{section*.47}{ 1.22.0 - SECRETARIA DE ESTADO DE DESENVOLVIMENTO ECON\324MICO - FIIMG }{}% 47
\BOOKMARK [2][-]{section*.48}{ 4.67.1 - FUNDO DE INVESTIMENTOS IMOBILI\301RIOS DE MINAS GERAIS - FIIMG }{section*.47}% 48
\BOOKMARK [1][-]{section*.49}{ 1.23.0 - SECRETARIA DE ESTADO DE AGRICULTURA, PECU\301RIA E ABASTECIMENTO - SEAPA }{}% 49
\BOOKMARK [2][-]{section*.50}{ 1.23.1 - SECRETARIA DE ESTADO DE AGRICULTURA, PECU\301RIA E ABASTECIMENTO - SEAPA }{section*.49}% 50
\BOOKMARK [1][-]{section*.51}{ 1.23.0 - SECRETARIA DE ESTADO DE AGRICULTURA, PECU\301RIA E ABASTECIMENTO - IMA }{}% 51
\BOOKMARK [2][-]{section*.52}{ 2.37.1 - INSTITUTO MINEIRO DE AGROPECU\301RIA - IMA }{section*.51}% 52
\BOOKMARK [1][-]{section*.53}{ 1.23.0 - SECRETARIA DE ESTADO DE AGRICULTURA, PECU\301RIA E ABASTECIMENTO - EMATER }{}% 53
\BOOKMARK [2][-]{section*.54}{ 3.04.1 - EMPRESA DE ASSIST\312NCIA T\311CNICA E EXTENS\303O RURAL DO ESTADO DE MINAS GERAIS - EMATER }{section*.53}% 54
\BOOKMARK [1][-]{section*.55}{ 1.23.0 - SECRETARIA DE ESTADO DE AGRICULTURA, PECU\301RIA E ABASTECIMENTO - EPAMIG }{}% 55
\BOOKMARK [2][-]{section*.56}{ 3.05.1 - EMPRESA DE PESQUISA AGROPECU\301RIA DE MINAS GERAIS - EPAMIG }{section*.55}% 56
\BOOKMARK [1][-]{section*.57}{ 1.25.0 - POL\315CIA MILITAR DO ESTADO DE MINAS GERAIS - PMMG }{}% 57
\BOOKMARK [2][-]{section*.58}{ 1.25.1 - POL\315CIA MILITAR DO ESTADO DE MINAS GERAIS - PMMG }{section*.57}% 58
\BOOKMARK [1][-]{section*.59}{ 1.25.0 - POL\315CIA MILITAR DO ESTADO DE MINAS GERAIS - IPSM }{}% 59
\BOOKMARK [2][-]{section*.60}{ 2.12.1 - INSTITUTO DE PREVID\312NCIA DOS SERVIDORES MILITARES DO ESTADO DE MINAS GERAIS - IPSM }{section*.59}% 60
\BOOKMARK [1][-]{section*.61}{ 1.25.0 - POL\315CIA MILITAR DO ESTADO DE MINAS GERAIS - FAHMEMG }{}% 61
\BOOKMARK [2][-]{section*.62}{ 4.54.1 - FUNDO DE APOIO HABITACIONAL AOS MILITARES DO ESTADO DE MINAS GERAIS - FAHMEMG }{section*.61}% 62
\BOOKMARK [1][-]{section*.63}{ 1.26.0 - SECRETARIA DE ESTADO DE EDUCA\307\303O - SEE }{}% 63
\BOOKMARK [2][-]{section*.64}{ 1.26.1 - SECRETARIA DE ESTADO DE EDUCA\307\303O - SEE }{section*.63}% 64
\BOOKMARK [1][-]{section*.65}{ 1.26.0 - SECRETARIA DE ESTADO DE EDUCA\307\303O - FHA }{}% 65
\BOOKMARK [2][-]{section*.66}{ 2.15.1 - FUNDA\307\303O HELENA ANTIPOFF - FHA }{section*.65}% 66
\BOOKMARK [1][-]{section*.67}{ 1.26.0 - SECRETARIA DE ESTADO DE EDUCA\307\303O - FUCAM }{}% 67
\BOOKMARK [2][-]{section*.68}{ 2.16.1 - FUNDA\307\303O EDUCACIONAL CAIO MARTINS - FUCAM }{section*.67}% 68
\BOOKMARK [1][-]{section*.69}{ 1.26.0 - SECRETARIA DE ESTADO DE EDUCA\307\303O - UNIMONTES }{}% 69
\BOOKMARK [2][-]{section*.70}{ 2.31.1 - UNIVERSIDADE ESTADUAL DE MONTES CLAROS - UNIMONTES }{section*.69}% 70
\BOOKMARK [1][-]{section*.71}{ 1.26.0 - SECRETARIA DE ESTADO DE EDUCA\307\303O - UEMG }{}% 71
\BOOKMARK [2][-]{section*.72}{ 2.35.1 - UNIVERSIDADE DO ESTADO DE MINAS GERAIS - UEMG }{section*.71}% 72
\BOOKMARK [1][-]{section*.73}{ 1.27.0 - SECRETARIA DE ESTADO DE CULTURA E TURISMO - SECULT }{}% 73
\BOOKMARK [2][-]{section*.74}{ 1.27.1 - SECRETARIA DE ESTADO DE CULTURA E TURISMO - SECULT }{section*.73}% 74
\BOOKMARK [1][-]{section*.75}{ 1.27.0 - SECRETARIA DE ESTADO DE CULTURA E TURISMO - FAOP }{}% 75
\BOOKMARK [2][-]{section*.76}{ 2.17.1 - FUNDA\307\303O DE ARTE DE OURO PRETO - FAOP }{section*.75}% 76
\BOOKMARK [1][-]{section*.77}{ 1.27.0 - SECRETARIA DE ESTADO DE CULTURA E TURISMO - FCS }{}% 77
\BOOKMARK [2][-]{section*.78}{ 2.18.1 - FUNDA\307\303O CL\323VIS SALGADO - FCS }{section*.77}% 78
\BOOKMARK [1][-]{section*.79}{ 1.27.0 - SECRETARIA DE ESTADO DE CULTURA E TURISMO - IEPHA }{}% 79
\BOOKMARK [2][-]{section*.80}{ 2.20.1 - INSTITUTO ESTADUAL DO PATRIM\324NIO HIST\323RICO E ART\315STICO DE MINAS GERAIS - IEPHA }{section*.79}% 80
\BOOKMARK [1][-]{section*.81}{ 1.27.0 - SECRETARIA DE ESTADO DE CULTURA E TURISMO - FASTUR }{}% 81
\BOOKMARK [2][-]{section*.82}{ 4.15.1 - FUNDO DE ASSIST\312NCIA AO TURISMO - FASTUR }{section*.81}% 82
\BOOKMARK [1][-]{section*.83}{ 1.27.0 - SECRETARIA DE ESTADO DE CULTURA E TURISMO - FEC }{}% 83
\BOOKMARK [2][-]{section*.84}{ 4.49.1 - FUNDO ESTADUAL DE CULTURA - FEC }{section*.83}% 84
\BOOKMARK [1][-]{section*.85}{ 1.30.0 - SECRETARIA DE ESTADO DE INFRAESTRUTURA, MOBILIDADE E PARCERIA - SEINFRA }{}% 85
\BOOKMARK [2][-]{section*.86}{ 1.30.1 - SECRETARIA DE ESTADO DE INFRAESTRUTURA, MOBILIDADE E PARCERIAS - SEINFRA }{section*.85}% 86
\BOOKMARK [1][-]{section*.87}{ 1.30.0 - SECRETARIA DE ESTADO DE INFRAESTRUTURA, MOBILIDADE E PARCERIA - DER-MG }{}% 87
\BOOKMARK [2][-]{section*.88}{ 2.30.1 - DEPARTAMENTO DE ESTRADAS DE RODAGEM DO ESTADO DE MINAS GERAIS - DER-MG }{section*.87}% 88
\BOOKMARK [1][-]{section*.89}{ 1.30.0 - SECRETARIA DE ESTADO DE INFRAESTRUTURA, MOBILIDADE E PARCERIA - AG\312NCIA RMBH }{}% 89
\BOOKMARK [2][-]{section*.90}{ 2.43.1 - AG\312NCIA DE DESENVOLVIMENTO DA REGI\303O METROPOLITANA DE BELO HORIZONTE - AG\312NCIA RMBH }{section*.89}% 90
\BOOKMARK [1][-]{section*.91}{ 1.30.0 - SECRETARIA DE ESTADO DE INFRAESTRUTURA, MOBILIDADE E PARCERIA - ARMVA }{}% 91
\BOOKMARK [2][-]{section*.92}{ 2.46.1 - AG\312NCIA DE DESENVOLVIMENTO DA REGI\303O METROPOLITANA DO VALE DO A\307O - ARMVA }{section*.91}% 92
\BOOKMARK [1][-]{section*.93}{ 1.30.0 - SECRETARIA DE ESTADO DE INFRAESTRUTURA, MOBILIDADE E PARCERIA - ARTEMIG }{}% 93
\BOOKMARK [2][-]{section*.94}{ 2.47.1 - AG\312NCIA REGULADORA DE TRANSPORTES DO ESTADO DE MINAS GERAIS - ARTEMIG }{section*.93}% 94
\BOOKMARK [1][-]{section*.95}{ 1.30.0 - SECRETARIA DE ESTADO DE INFRAESTRUTURA, MOBILIDADE E PARCERIA - FDM }{}% 95
\BOOKMARK [2][-]{section*.96}{ 4.33.1 - FUNDO DE DESENVOLVIMENTO METROPOLITANO - FDM }{section*.95}% 96
\BOOKMARK [1][-]{section*.97}{ 1.30.0 - SECRETARIA DE ESTADO DE INFRAESTRUTURA, MOBILIDADE E PARCERIA - FUNTRANS }{}% 97
\BOOKMARK [2][-]{section*.98}{ 4.38.1 - FUNDO ESTADUAL DE DESENVOLVIMENTO DE TRANSPORTES - FUNTRANS }{section*.97}% 98
\BOOKMARK [1][-]{section*.99}{ 1.30.0 - SECRETARIA DE ESTADO DE INFRAESTRUTURA, MOBILIDADE E PARCERIA - FPP - MG }{}% 99
\BOOKMARK [2][-]{section*.100}{ 4.63.1 - FUNDO DE PAGAMENTO DE PARCERIAS P\332BLICO - PRIVADAS DE MINAS GERAIS - FPP - MG }{section*.99}% 100
\BOOKMARK [1][-]{section*.101}{ 1.30.0 - SECRETARIA DE ESTADO DE INFRAESTRUTURA, MOBILIDADE E PARCERIA - FGP - MG }{}% 101
\BOOKMARK [2][-]{section*.102}{ 4.64.1 - FUNDO DE GARANTIAS DE PARCERIAS P\332BLICO - PRIVADAS DE MINAS GERAIS - FGP - MG }{section*.101}% 102
\BOOKMARK [1][-]{section*.103}{ 1.32.0 - SECRETARIA DE ESTADO DE SA\332DE - FUNED }{}% 103
\BOOKMARK [2][-]{section*.104}{ 2.26.1 - FUNDA\307\303O EZEQUIEL DIAS - FUNED }{section*.103}% 104
\BOOKMARK [1][-]{section*.105}{ 1.32.0 - SECRETARIA DE ESTADO DE SA\332DE - FHEMIG }{}% 105
\BOOKMARK [2][-]{section*.106}{ 2.27.1 - FUNDA\307\303O HOSPITALAR DO ESTADO DE MINAS GERAIS - FHEMIG }{section*.105}% 106
\BOOKMARK [1][-]{section*.107}{ 1.32.0 - SECRETARIA DE ESTADO DE SA\332DE - HEMOMINAS }{}% 107
\BOOKMARK [2][-]{section*.108}{ 2.32.1 - FUNDA\307\303O CENTRO DE HEMATOLOGIA E HEMOTERAPIA DE MINAS GERAIS - HEMOMINAS }{section*.107}% 108
\BOOKMARK [1][-]{section*.109}{ 1.32.0 - SECRETARIA DE ESTADO DE SA\332DE - FES }{}% 109
\BOOKMARK [2][-]{section*.110}{ 4.29.1 - FUNDO ESTADUAL DE SA\332DE - FES }{section*.109}% 110
\BOOKMARK [1][-]{section*.111}{ 1.37.0 - SECRETARIA DE ESTADO DE MEIO AMBIENTE E DESENVOLVIMENTO SUSTENT\301VEL - SEMAD }{}% 111
\BOOKMARK [2][-]{section*.112}{ 1.37.1 - SECRETARIA DE ESTADO DE MEIO AMBIENTE E DESENVOLVIMENTO SUSTENT\301VEL - SEMAD }{section*.111}% 112
\BOOKMARK [1][-]{section*.113}{ 1.37.0 - SECRETARIA DE ESTADO DE MEIO AMBIENTE E DESENVOLVIMENTO SUSTENT\301VEL - FEAM }{}% 113
\BOOKMARK [2][-]{section*.114}{ 2.09.1 - FUNDA\307\303O ESTADUAL DO MEIO AMBIENTE - FEAM }{section*.113}% 114
\BOOKMARK [1][-]{section*.115}{ 1.37.0 - SECRETARIA DE ESTADO DE MEIO AMBIENTE E DESENVOLVIMENTO SUSTENT\301VEL - IEF }{}% 115
\BOOKMARK [2][-]{section*.116}{ 2.10.1 - INSTITUTO ESTADUAL DE FLORESTAS - IEF }{section*.115}% 116
\BOOKMARK [1][-]{section*.117}{ 1.37.0 - SECRETARIA DE ESTADO DE MEIO AMBIENTE E DESENVOLVIMENTO SUSTENT\301VEL - IGAM }{}% 117
\BOOKMARK [2][-]{section*.118}{ 2.24.1 - INSTITUTO MINEIRO DE GEST\303O DAS \301GUAS - IGAM }{section*.117}% 118
\BOOKMARK [1][-]{section*.119}{ 1.37.0 - SECRETARIA DE ESTADO DE MEIO AMBIENTE E DESENVOLVIMENTO SUSTENT\301VEL - ARSAE -MG }{}% 119
\BOOKMARK [2][-]{section*.120}{ 2.44.1 - AG\312NCIA REGULADORA DE SERVI\307OS DE ABASTECIMENTO DE \301GUA E DE ESGOTAMENTO SANIT\301RIO DO ESTADO DE MINAS GERAIS - ARSAE -MG }{section*.119}% 120
\BOOKMARK [1][-]{section*.121}{ 1.37.0 - SECRETARIA DE ESTADO DE MEIO AMBIENTE E DESENVOLVIMENTO SUSTENT\301VEL - FHIDRO }{}% 121
\BOOKMARK [2][-]{section*.122}{ 4.34.1 - FUNDO DE RECUPERA\307\303O, PROTE\307\303O E DESENVOLVIMENTO SUSTENT\301VEL DAS BACIAS HIDROGR\301FICAS DO ESTADO DE MINAS GERAIS - FHIDRO }{section*.121}% 122
\BOOKMARK [1][-]{section*.123}{ 1.37.0 - SECRETARIA DE ESTADO DE MEIO AMBIENTE E DESENVOLVIMENTO SUSTENT\301VEL - FUNESB-MG }{}% 123
\BOOKMARK [2][-]{section*.124}{ 4.76.1 - FUNDO ESTADUAL DE SANEAMENTO B\301SICO DE MINAS GERAIS - FUNESB-MG }{section*.123}% 124
\BOOKMARK [1][-]{section*.125}{ 1.40.0 - CORPO DE BOMBEIROS MILITAR DO ESTADO DE MINAS GERAIS - CBMMG }{}% 125
\BOOKMARK [2][-]{section*.126}{ 1.40.1 - CORPO DE BOMBEIROS MILITAR DO ESTADO DE MINAS GERAIS - CBMMG }{section*.125}% 126
\BOOKMARK [1][-]{section*.127}{ 1.45.0 - SECRETARIA DE ESTADO DE JUSTI\307A E SEGURAN\307A P\332BLICA - SEJUSP }{}% 127
\BOOKMARK [2][-]{section*.128}{ 1.45.1 - SECRETARIA DE ESTADO DE JUSTI\307A E SEGURAN\307A P\332BLICA - SEJUSP }{section*.127}% 128
\BOOKMARK [1][-]{section*.129}{ 1.45.0 - SECRETARIA DE ESTADO DE JUSTI\307A E SEGURAN\307A P\332BLICA - FPE }{}% 129
\BOOKMARK [2][-]{section*.130}{ 4.14.1 - FUNDO PENITENCI\301RIO ESTADUAL - FPE }{section*.129}% 130
\BOOKMARK [1][-]{section*.131}{ 1.45.0 - SECRETARIA DE ESTADO DE JUSTI\307A E SEGURAN\307A P\332BLICA - FUNPREN }{}% 131
\BOOKMARK [2][-]{section*.132}{ 4.32.1 - FUNDO ESTADUAL DE PREVEN\307\303O, FISCALIZA\307\303O E REPRESS\303O DE ENTORPECENTES - FUNPREN }{section*.131}% 132
\BOOKMARK [1][-]{section*.133}{ 1.45.0 - SECRETARIA DE ESTADO DE JUSTI\307A E SEGURAN\307A P\332BLICA - FESP-MG }{}% 133
\BOOKMARK [2][-]{section*.134}{ 4.69.1 - FUNDO ESTADUAL DE SEGURAN\307A P\332BLICA DE MINAS GERAIS - FESP-MG }{section*.133}% 134
\BOOKMARK [1][-]{section*.135}{ 1.48.0 - SECRETARIA DE ESTADO DE DESENVOLVIMENTO SOCIAL - SEDESE }{}% 135
\BOOKMARK [2][-]{section*.136}{ 1.48.1 - SECRETARIA DE ESTADO DE DESENVOLVIMENTO SOCIAL - SEDESE }{section*.135}% 136
\BOOKMARK [1][-]{section*.137}{ 1.48.0 - SECRETARIA DE ESTADO DE DESENVOLVIMENTO SOCIAL - UTRAMIG }{}% 137
\BOOKMARK [2][-]{section*.138}{ 2.28.1 - FUNDA\307\303O DE EDUCA\307\303O PARA O TRABALHO DE MINAS GERAIS - UTRAMIG }{section*.137}% 138
\BOOKMARK [1][-]{section*.139}{ 1.48.0 - SECRETARIA DE ESTADO DE DESENVOLVIMENTO SOCIAL - IDENE }{}% 139
\BOOKMARK [2][-]{section*.140}{ 2.42.1 - INSTITUTO DE DESENVOLVIMENTO DO NORTE E NORDESTE DE MINAS GERAIS - IDENE }{section*.139}% 140
\BOOKMARK [1][-]{section*.141}{ 1.48.0 - SECRETARIA DE ESTADO DE DESENVOLVIMENTO SOCIAL - FIA }{}% 141
\BOOKMARK [2][-]{section*.142}{ 4.09.1 - FUNDO PARA A INF\302NCIA E A ADOLESC\312NCIA - FIA }{section*.141}% 142
\BOOKMARK [1][-]{section*.143}{ 1.48.0 - SECRETARIA DE ESTADO DE DESENVOLVIMENTO SOCIAL - FEH }{}% 143
\BOOKMARK [2][-]{section*.144}{ 4.10.1 - FUNDO ESTADUAL DE HABITA\307\303O - FEH }{section*.143}% 144
\BOOKMARK [1][-]{section*.145}{ 1.48.0 - SECRETARIA DE ESTADO DE DESENVOLVIMENTO SOCIAL - FEAS }{}% 145
\BOOKMARK [2][-]{section*.146}{ 4.25.1 - FUNDO ESTADUAL DE ASSIST\312NCIA SOCIAL - FEAS }{section*.145}% 146
\BOOKMARK [1][-]{section*.147}{ 1.48.0 - SECRETARIA DE ESTADO DE DESENVOLVIMENTO SOCIAL - FUNDIF }{}% 147
\BOOKMARK [2][-]{section*.148}{ 4.42.1 - FUNDO ESTADUAL DE DEFESA DE DIREITOS DIFUSOS - FUNDIF }{section*.147}% 148
\BOOKMARK [1][-]{section*.149}{ 1.48.0 - SECRETARIA DE ESTADO DE DESENVOLVIMENTO SOCIAL - FEI }{}% 149
\BOOKMARK [2][-]{section*.150}{ 4.60.1 - FUNDO ESTADUAL DOS DIREITOS DO IDOSO - FEI }{section*.149}% 150
\BOOKMARK [1][-]{section*.151}{ 1.48.0 - SECRETARIA DE ESTADO DE DESENVOLVIMENTO SOCIAL - FET-MG }{}% 151
\BOOKMARK [2][-]{section*.152}{ 4.70.1 - FUNDO ESTADUAL DO TRABALHO DE MINAS GERAIS - FET-MG }{section*.151}% 152
\BOOKMARK [1][-]{section*.153}{ 1.49.0 - SECRETARIA DE ESTADO DE GOVERNO - SEGOV }{}% 153
\BOOKMARK [2][-]{section*.154}{ 1.49.1 - SECRETARIA DE ESTADO DE GOVERNO - SEGOV }{section*.153}% 154
\BOOKMARK [1][-]{section*.155}{ 1.50.0 - SECRETARIA DE ESTADO DE PLANEJAMENTO E GEST\303O - SEPLAG }{}% 155
\BOOKMARK [2][-]{section*.156}{ 1.50.1 - SECRETARIA DE ESTADO DE PLANEJAMENTO E GEST\303O - SEPLAG }{section*.155}% 156
\BOOKMARK [1][-]{section*.157}{ 1.50.0 - SECRETARIA DE ESTADO DE PLANEJAMENTO E GEST\303O - IPSEMG }{}% 157
\BOOKMARK [2][-]{section*.158}{ 2.01.1 - INSTITUTO DE PREVID\312NCIA DOS SERVIDORES DO ESTADO DE MINAS GERAIS - IPSEMG }{section*.157}% 158
\BOOKMARK [1][-]{section*.159}{ 1.50.0 - SECRETARIA DE ESTADO DE PLANEJAMENTO E GEST\303O - FJP }{}% 159
\BOOKMARK [2][-]{section*.160}{ 2.06.1 - FUNDA\307\303O JO\303O PINHEIRO - FJP }{section*.159}% 160
\BOOKMARK [1][-]{section*.161}{ 1.50.0 - SECRETARIA DE ESTADO DE PLANEJAMENTO E GEST\303O - IPEMMG }{}% 161
\BOOKMARK [2][-]{section*.162}{ 2.33.1 - INSTITUTO DE METROLOGIA E QUALIDADE DO ESTADO DE MINAS GERAIS - IPEMMG }{section*.161}% 162
\BOOKMARK [1][-]{section*.163}{ 1.50.0 - SECRETARIA DE ESTADO DE PLANEJAMENTO E GEST\303O - DETRAN-MG }{}% 163
\BOOKMARK [2][-]{section*.164}{ 2.48.1 - DEPARTAMENTO ESTADUAL DE TR\302NSITO DE MINAS GERAIS - DETRAN-MG }{section*.163}% 164
\BOOKMARK [1][-]{section*.165}{ 1.50.0 - SECRETARIA DE ESTADO DE PLANEJAMENTO E GEST\303O - FUNAPEC }{}% 165
\BOOKMARK [2][-]{section*.166}{ 4.55.1 - FUNDO DE ASSIST\312NCIA AO PEC\332LIO DOS SERVIDORES DO ESTADO DE MINAS GERAIS - FUNAPEC }{section*.165}% 166
\BOOKMARK [1][-]{section*.167}{ 1.50.0 - SECRETARIA DE ESTADO DE PLANEJAMENTO E GEST\303O - FFP - MG }{}% 167
\BOOKMARK [2][-]{section*.168}{ 4.71.1 - FUNDO FINANCEIRO DE PREVID\312NCIA DO ESTADO DE MINAS GERAIS - FFP - MG }{section*.167}% 168
\BOOKMARK [1][-]{section*.169}{ 1.51.0 - POL\315CIA CIVIL DO ESTADO DE MINAS GERAIS - PCMG }{}% 169
\BOOKMARK [2][-]{section*.170}{ 1.51.1 - POL\315CIA CIVIL DO ESTADO DE MINAS GERAIS - PCMG }{section*.169}% 170
\BOOKMARK [1][-]{section*.171}{ 1.52.0 - CONTROLADORIA-GERAL DO ESTADO - CGE }{}% 171
\BOOKMARK [2][-]{section*.172}{ 1.52.1 - CONTROLADORIA-GERAL DO ESTADO - CGE }{section*.171}% 172
\BOOKMARK [1][-]{section*.173}{ 1.54.0 - ESCOLA DE SA\332DE P\332BLICA DO ESTADO DE MINAS GERAIS - ESP MG }{}% 173
\BOOKMARK [2][-]{section*.174}{ 1.54.1 - ESCOLA DE SA\332DE P\332BLICA DO ESTADO DE MINAS GERAIS - ESP MG }{section*.173}% 174
\BOOKMARK [1][-]{section*.175}{ 1.63.0 - GOVERNADORIA DO ESTADO - SEC. GERAL }{}% 175
\BOOKMARK [2][-]{section*.176}{ 1.63.1 - SECRETARIA-GERAL - SEC. GERAL }{section*.175}% 176
\BOOKMARK [1][-]{section*.177}{ 1.71.0 - SECRETARIA DE ESTADO DE COMUNICA\307\303O SOCIAL - SECOM }{}% 177
\BOOKMARK [2][-]{section*.178}{ 1.71.1 - SECRETARIA DE ESTADO DE COMUNICA\307\303O SOCIAL - SECOM }{section*.177}% 178
\BOOKMARK [1][-]{section*.179}{ 1.71.0 - SECRETARIA DE ESTADO DE COMUNICA\307\303O SOCIAL - TV MINAS }{}% 179
\BOOKMARK [2][-]{section*.180}{ 2.21.1 - FUNDA\307\303O TV MINAS CULTURAL E EDUCATIVA - TV MINAS }{section*.179}% 180
\BOOKMARK [1][-]{section*.181}{ 1.71.0 - SECRETARIA DE ESTADO DE COMUNICA\307\303O SOCIAL - EMC }{}% 181
\BOOKMARK [2][-]{section*.182}{ 3.15.1 - EMPRESA MINEIRA DE COMUNICA\307\303O - EMC }{section*.181}% 182
\BOOKMARK [1][-]{section*.183}{ 1.72.0 - SECRETARIA DE ESTADO DA CASA CIVIL - SCC }{}% 183
\BOOKMARK [2][-]{section*.184}{ 1.72.1 - SECRETARIA DE ESTADO DA CASA CIVIL - SCC }{section*.183}% 184
\BOOKMARK [1][-]{section*.185}{ 1.91.0 - ENCARGOS GERAIS DO ESTADO - SECRETARIA DE ESTADO DE FAZENDA - EGE - SEF }{}% 185
\BOOKMARK [2][-]{section*.186}{ 1.91.1 - EGE SEC.FAZENDA-ENCARGOS DIVERSOS - EGE - SEF }{section*.185}% 186
\BOOKMARK [1][-]{section*.187}{ 1.91.0 - ENCARGOS GERAIS DO ESTADO - SECRETARIA DE ESTADO DE FAZENDA - PARTICIPA\307\303O EMPRESAS }{}% 187
\BOOKMARK [2][-]{section*.188}{ 1.91.5 - PARTICIPA\307\303O NO AUMENTO DO CAPITAL SOCIAL DE EMPRESAS - PARTICIPA\307\303O EMPRESAS }{section*.187}% 188
\BOOKMARK [1][-]{section*.189}{ 1.91.0 - ENCARGOS GERAIS DO ESTADO - SECRETARIA DE ESTADO DE FAZENDA - GDPE - SEF }{}% 189
\BOOKMARK [2][-]{section*.190}{ 1.91.6 - GEST\303O DA D\315VIDA P\332BLICA ESTADUAL - GDPE - SEF }{section*.189}% 190
\BOOKMARK [1][-]{section*.191}{ 1.94.0 - ENCARGOS GERAIS DO ESTADO - SECRETARIA DE ESTADO DE PLANEJAMENTO E GEST\303O - EGE-SEPLAG }{}% 191
\BOOKMARK [2][-]{section*.192}{ 1.94.1 - EGE-SECRETARIA DE ESTADO DE PLANEJAMENTO E GEST\303O - EGE-SEPLAG }{section*.191}% 192
\BOOKMARK [1][-]{section*.193}{ 1.95.0 - ENCARGOS GERAIS DO ESTADO - INSTRUMENTOS DE ENTRADA DE RECURSOS - EGE - CASA CIVIL }{}% 193
\BOOKMARK [2][-]{section*.194}{ 1.95.1 - ENCARGOS GERAIS DO ESTADO - INSTRUMENTOS DE ENTRADA DE RECURSOS - EGE - CASA CIVIL }{section*.193}% 194
\BOOKMARK [1][-]{section*.195}{ 1.99.0 - RESERVA DE CONTING\312NCIA - RC }{}% 195
\BOOKMARK [2][-]{section*.196}{ 1.99.1 - RESERVA DE CONTING\312NCIA - RC }{section*.195}% 196
\BOOKMARK [1][-]{section*.197}{ MINIST\311RIO P\332BLICO }{}% 197
\BOOKMARK [1][-]{section*.198}{ 1.09.0 - MINIST\311RIO P\332BLICO DO ESTADO DE MINAS GERAIS - PGJ }{}% 198
\BOOKMARK [2][-]{section*.199}{ 1.09.1 - PROCURADORIA GERAL DE JUSTI\307A - PGJ }{section*.198}% 199
\BOOKMARK [1][-]{section*.200}{ 1.09.0 - MINIST\311RIO P\332BLICO DO ESTADO DE MINAS GERAIS - FUNEMP }{}% 200
\BOOKMARK [2][-]{section*.201}{ 4.44.1 - FUNDO ESPECIAL DO MINIST\311RIO P\332BLICO DO ESTADO DE MINAS GERAIS - FUNEMP }{section*.200}% 201
\BOOKMARK [1][-]{section*.202}{ 1.09.0 - MINIST\311RIO P\332BLICO DO ESTADO DE MINAS GERAIS - FEPDC }{}% 202
\BOOKMARK [2][-]{section*.203}{ 4.45.1 - FUNDO ESTADUAL DE PROTE\307\303O E DEFESA DO CONSUMIDOR - FEPDC }{section*.202}% 203
\BOOKMARK [1][-]{section*.204}{ 1.09.0 - MINIST\311RIO P\332BLICO DO ESTADO DE MINAS GERAIS - FDMP }{}% 204
\BOOKMARK [2][-]{section*.205}{ 4.73.1 - FUNDO DE DESENVOLVIMENTO DO MINIST\311RIO P\332BLICO - FDMP }{section*.204}% 205
\BOOKMARK [1][-]{section*.206}{ DEFENSORIA P\332BLICA }{}% 206
\BOOKMARK [1][-]{section*.207}{ 1.44.0 - DEFENSORIA PUBLICA DO ESTADO DE MINAS GERAIS - DEF PUB }{}% 207
\BOOKMARK [2][-]{section*.208}{ 1.44.1 - DEFENSORIA PUBLICA DO ESTADO DE MINAS GERAIS - DEF PUB }{section*.207}% 208
\BOOKMARK [1][-]{section*.209}{ 1.44.0 - DEFENSORIA PUBLICA DO ESTADO DE MINAS GERAIS - FEGAJ }{}% 209
\BOOKMARK [2][-]{section*.210}{ 4.74.1 - FUNDO ESPECIAL DE GARANTIA DE ACESSO \300 JUSTI\307A - FEGAJ }{section*.209}% 210
\BOOKMARK [1][-]{section*.211}{GRUPOS DE DESPESA, FONTES DE RECURSO, IDENTIFICADORES DE PROCED\312NCIA E USO E IDENTIFICADORES DE A\307\303O GOVERNAMENTAL}{}% 211
