\BOOKMARK [1][-]{section*.1}{ DEMONSTRATIVO CONSOLIDADO DA DESPESA}{}% 1
\BOOKMARK [1][-]{section*.2}{ DEMONSTRATIVOS POR \323RG\303O E ENTIDADE}{}% 2
\BOOKMARK [1][-]{section*.3}{ PODER EXECUTIVO }{}% 3
\BOOKMARK [1][-]{section*.3}{ 1.22.0 - SECRETARIA DE ESTADO DE DESENVOLVIMENTO ECON\324MICO - SEDE }{}% 4
\BOOKMARK [2][-]{section*.4}{ 1.22.1 - SECRETARIA DE ESTADO DE DESENVOLVIMENTO ECON\324MICO - SEDE }{section*.3}% 5
\BOOKMARK [1][-]{section*.5}{ 1.23.0 - SECRETARIA DE ESTADO DE AGRICULTURA, PECU\301RIA E ABASTECIMENTO - SEAPA }{}% 6
\BOOKMARK [2][-]{section*.6}{ 1.23.1 - SECRETARIA DE ESTADO DE AGRICULTURA, PECU\301RIA E ABASTECIMENTO - SEAPA }{section*.5}% 7
\BOOKMARK [2][-]{section*.7}{ 2.37.1 - INSTITUTO MINEIRO DE AGROPECU\301RIA - IMA }{section*.5}% 8
\BOOKMARK [1][-]{section*.8}{ 1.25.0 - POL\315CIA MILITAR DO ESTADO DE MINAS GERAIS - PMMG }{}% 9
\BOOKMARK [2][-]{section*.9}{ 1.25.1 - POL\315CIA MILITAR DO ESTADO DE MINAS GERAIS - PMMG }{section*.8}% 10
\BOOKMARK [1][-]{section*.10}{ 1.30.0 - SECRETARIA DE ESTADO DE INFRAESTRUTURA, MOBILIDADE E PARCERIA - DER-MG }{}% 11
\BOOKMARK [2][-]{section*.11}{ 2.30.1 - DEPARTAMENTO DE ESTRADAS DE RODAGEM DO ESTADO DE MINAS GERAIS - DER-MG }{section*.10}% 12
\BOOKMARK [2][-]{section*.12}{ 4.63.1 - FUNDO DE PAGAMENTO DE PARCERIAS P\332BLICO - PRIVADAS DE MINAS GERAIS - FPP - MG }{section*.10}% 13
\BOOKMARK [1][-]{section*.13}{ 1.32.0 - SECRETARIA DE ESTADO DE SA\332DE - FES }{}% 14
\BOOKMARK [2][-]{section*.14}{ 4.29.1 - FUNDO ESTADUAL DE SA\332DE - FES }{section*.13}% 15
\BOOKMARK [1][-]{section*.15}{ 1.37.0 - SECRETARIA DE ESTADO DE MEIO AMBIENTE E DESENVOLVIMENTO SUSTENT\301VEL - SEMAD }{}% 16
\BOOKMARK [2][-]{section*.16}{ 1.37.1 - SECRETARIA DE ESTADO DE MEIO AMBIENTE E DESENVOLVIMENTO SUSTENT\301VEL - SEMAD }{section*.15}% 17
\BOOKMARK [2][-]{section*.17}{ 2.10.1 - INSTITUTO ESTADUAL DE FLORESTAS - IEF }{section*.15}% 18
\BOOKMARK [2][-]{section*.18}{ 2.24.1 - INSTITUTO MINEIRO DE GEST\303O DAS \301GUAS - IGAM }{section*.15}% 19
\BOOKMARK [1][-]{section*.19}{ 1.48.0 - SECRETARIA DE ESTADO DE DESENVOLVIMENTO SOCIAL - SEDESE }{}% 20
\BOOKMARK [2][-]{section*.20}{ 1.48.1 - SECRETARIA DE ESTADO DE DESENVOLVIMENTO SOCIAL - SEDESE }{section*.19}% 21
\BOOKMARK [2][-]{section*.21}{ 4.25.1 - FUNDO ESTADUAL DE ASSIST\312NCIA SOCIAL - FEAS }{section*.19}% 22
\BOOKMARK [1][-]{section*.22}{ 1.50.0 - SECRETARIA DE ESTADO DE PLANEJAMENTO E GEST\303O - SEPLAG }{}% 23
\BOOKMARK [2][-]{section*.23}{ 1.50.1 - SECRETARIA DE ESTADO DE PLANEJAMENTO E GEST\303O - SEPLAG }{section*.22}% 24
\BOOKMARK [1][-]{section*.24}{ 1.51.0 - POL\315CIA CIVIL DO ESTADO DE MINAS GERAIS - PCMG }{}% 25
\BOOKMARK [2][-]{section*.25}{ 1.51.1 - POL\315CIA CIVIL DO ESTADO DE MINAS GERAIS - PCMG }{section*.24}% 26
\BOOKMARK [1][-]{section*.27}{GRUPOS DE DESPESA, FONTES DE RECURSO, IDENTIFICADORES DE PROCED\312NCIA E USO E IDENTIFICADOR DE A\307\303O GOVERNAMENTAL}{}% 27
