\BOOKMARK [1][-]{section*.1}{OBRAS POR UNIDADE OR\307AMENT\301RIA SEGUNDO AS REGI\325ES GEOGR\301FICAS INTERMEDI\301RIAS}{}% 1
\BOOKMARK [1][-]{section*.3}{INVESTIMENTOS EM OBRAS POR REGI\325ES GEOGR\301FICAS INTERMEDI\301RIAS E RESPECTIVOS MUNIC\315PIOS}{}% 2
\BOOKMARK [1][-]{section*.4}{ PODER LEGISLATIVO }{}% 3
\BOOKMARK [1][-]{section*.4}{ 1.01.0 - ASSEMBLEIA LEGISLATIVA DO ESTADO DE MINAS GERAIS - IPLEMG }{}% 4
\BOOKMARK [2][-]{section*.5}{ 2.36.1 - INSTITUTO DE PREVID\312NCIA DO LEGISLATIVO DO ESTADO DE MINAS GERAIS - IPLEMG }{section*.4}% 5
\BOOKMARK [1][-]{section*.6}{ 1.02.0 - TRIBUNAL DE CONTAS DO ESTADO DE MINAS GERAIS - TCEMG }{}% 6
\BOOKMARK [2][-]{section*.7}{ 1.02.1 - TRIBUNAL DE CONTAS DO ESTADO DE MINAS GERAIS - TCEMG }{section*.6}% 7
\BOOKMARK [1][-]{section*.8}{ PODER JUDICI\301RIO }{}% 8
\BOOKMARK [1][-]{section*.8}{ 1.03.0 - TRIBUNAL DE JUSTI\307A DO ESTADO DE MINAS GERAIS - FEPJ }{}% 9
\BOOKMARK [2][-]{section*.9}{ 4.03.1 - FUNDO ESPECIAL DO PODER JUDICI\301RIO DO ESTADO DE MINAS GERAIS - FEPJ }{section*.8}% 10
\BOOKMARK [1][-]{section*.10}{ PODER EXECUTIVO }{}% 11
\BOOKMARK [1][-]{section*.10}{ 1.22.0 - SECRETARIA DE ESTADO DE DESENVOLVIMENTO ECON\324MICO - CODEMIG }{}% 12
\BOOKMARK [2][-]{section*.11}{ 5.01.1 - COMPANHIA DE DESENVOLVIMENTO ECON\324MICO DE MINAS GERAIS - CODEMIG }{section*.10}% 13
\BOOKMARK [2][-]{section*.12}{ 5.03.1 - COMPANHIA DE DESENVOLVIMENTO DE MINAS GERAIS - CODEMGE }{section*.10}% 14
\BOOKMARK [2][-]{section*.13}{ 5.25.1 - COMPANHIA DE G\301S DE MINAS GERAIS - GASMIG }{section*.10}% 15
\BOOKMARK [2][-]{section*.14}{ 5.39.1 - CEMIG GERA\307\303O E TRANSMISS\303O S.A - CEMIG GERA\307\303O E TRANSMISS\303O }{section*.10}% 16
\BOOKMARK [1][-]{section*.15}{ 1.23.0 - SECRETARIA DE ESTADO DE AGRICULTURA, PECU\301RIA E ABASTECIMENTO - IMA }{}% 17
\BOOKMARK [2][-]{section*.16}{ 2.37.1 - INSTITUTO MINEIRO DE AGROPECU\301RIA - IMA }{section*.15}% 18
\BOOKMARK [2][-]{section*.17}{ 3.05.1 - EMPRESA DE PESQUISA AGROPECU\301RIA DE MINAS GERAIS - EPAMIG }{section*.15}% 19
\BOOKMARK [1][-]{section*.18}{ 1.25.0 - POL\315CIA MILITAR DO ESTADO DE MINAS GERAIS - PMMG }{}% 20
\BOOKMARK [2][-]{section*.19}{ 1.25.1 - POL\315CIA MILITAR DO ESTADO DE MINAS GERAIS - PMMG }{section*.18}% 21
\BOOKMARK [1][-]{section*.20}{ 1.26.0 - SECRETARIA DE ESTADO DE EDUCA\307\303O - SEE }{}% 22
\BOOKMARK [2][-]{section*.21}{ 1.26.1 - SECRETARIA DE ESTADO DE EDUCA\307\303O - SEE }{section*.20}% 23
\BOOKMARK [2][-]{section*.22}{ 2.15.1 - FUNDA\307\303O HELENA ANTIPOFF - FHA }{section*.20}% 24
\BOOKMARK [2][-]{section*.23}{ 2.16.1 - FUNDA\307\303O EDUCACIONAL CAIO MARTINS - FUCAM }{section*.20}% 25
\BOOKMARK [2][-]{section*.24}{ 2.31.1 - UNIVERSIDADE ESTADUAL DE MONTES CLAROS - UNIMONTES }{section*.20}% 26
\BOOKMARK [1][-]{section*.25}{ 1.30.0 - SECRETARIA DE ESTADO DE INFRAESTRUTURA, MOBILIDADE E PARCERIA - SEINFRA }{}% 27
\BOOKMARK [2][-]{section*.26}{ 1.30.1 - SECRETARIA DE ESTADO DE INFRAESTRUTURA, MOBILIDADE E PARCERIAS - SEINFRA }{section*.25}% 28
\BOOKMARK [2][-]{section*.27}{ 2.30.1 - DEPARTAMENTO DE ESTRADAS DE RODAGEM DO ESTADO DE MINAS GERAIS - DER-MG }{section*.25}% 29
\BOOKMARK [1][-]{section*.28}{ 1.32.0 - SECRETARIA DE ESTADO DE SA\332DE - FUNED }{}% 30
\BOOKMARK [2][-]{section*.29}{ 2.26.1 - FUNDA\307\303O EZEQUIEL DIAS - FUNED }{section*.28}% 31
\BOOKMARK [2][-]{section*.30}{ 2.32.1 - FUNDA\307\303O CENTRO DE HEMATOLOGIA E HEMOTERAPIA DE MINAS GERAIS - HEMOMINAS }{section*.28}% 32
\BOOKMARK [1][-]{section*.31}{ 1.37.0 - SECRETARIA DE ESTADO DE MEIO AMBIENTE E DESENVOLVIMENTO SUSTENT\301VEL - SEMAD }{}% 33
\BOOKMARK [2][-]{section*.32}{ 1.37.1 - SECRETARIA DE ESTADO DE MEIO AMBIENTE E DESENVOLVIMENTO SUSTENT\301VEL - SEMAD }{section*.31}% 34
\BOOKMARK [2][-]{section*.33}{ 2.10.1 - INSTITUTO ESTADUAL DE FLORESTAS - IEF }{section*.31}% 35
\BOOKMARK [1][-]{section*.34}{ 1.45.0 - SECRETARIA DE ESTADO DE JUSTI\307A E SEGURAN\307A P\332BLICA - SEJUSP }{}% 36
\BOOKMARK [2][-]{section*.35}{ 1.45.1 - SECRETARIA DE ESTADO DE JUSTI\307A E SEGURAN\307A P\332BLICA - SEJUSP }{section*.34}% 37
\BOOKMARK [1][-]{section*.36}{ 1.48.0 - SECRETARIA DE ESTADO DE DESENVOLVIMENTO SOCIAL - IDENE }{}% 38
\BOOKMARK [2][-]{section*.37}{ 2.42.1 - INSTITUTO DE DESENVOLVIMENTO DO NORTE E NORDESTE DE MINAS GERAIS - IDENE }{section*.36}% 39
\BOOKMARK [1][-]{section*.38}{ 1.50.0 - SECRETARIA DE ESTADO DE PLANEJAMENTO E GEST\303O - SEPLAG }{}% 40
\BOOKMARK [2][-]{section*.39}{ 1.50.1 - SECRETARIA DE ESTADO DE PLANEJAMENTO E GEST\303O - SEPLAG }{section*.38}% 41
\BOOKMARK [2][-]{section*.40}{ 2.01.1 - INSTITUTO DE PREVID\312NCIA DOS SERVIDORES DO ESTADO DE MINAS GERAIS - IPSEMG }{section*.38}% 42
\BOOKMARK [2][-]{section*.41}{ 5.14.1 - COMPANHIA DE TECNOLOGIA DA INFORMA\307\303O DO ESTADO DE MINAS GERAIS - PRODEMGE }{section*.38}% 43
\BOOKMARK [1][-]{section*.42}{ 1.51.0 - POL\315CIA CIVIL DO ESTADO DE MINAS GERAIS - PCMG }{}% 44
\BOOKMARK [2][-]{section*.43}{ 1.51.1 - POL\315CIA CIVIL DO ESTADO DE MINAS GERAIS - PCMG }{section*.42}% 45
\BOOKMARK [1][-]{section*.44}{ 1.54.0 - ESCOLA DE SA\332DE P\332BLICA DO ESTADO DE MINAS GERAIS - ESP MG }{}% 46
\BOOKMARK [2][-]{section*.45}{ 1.54.1 - ESCOLA DE SA\332DE P\332BLICA DO ESTADO DE MINAS GERAIS - ESP MG }{section*.44}% 47
\BOOKMARK [1][-]{section*.46}{ MINIST\311RIO P\332BLICO }{}% 48
\BOOKMARK [1][-]{section*.46}{ 1.09.0 - MINIST\311RIO P\332BLICO DO ESTADO DE MINAS GERAIS - PGJ }{}% 49
\BOOKMARK [2][-]{section*.47}{ 1.09.1 - PROCURADORIA GERAL DE JUSTI\307A - PGJ }{section*.46}% 50
\BOOKMARK [1][-]{section*.48}{RELA\307\303O DAS REGI\325ES GEOGR\301FICAS INTERMEDI\301RIAS E RESPECTIVOS MUNIC\315PIOS}{}% 51
