\BOOKMARK [1][-]{section*.1}{ DEMONSTRATIVO CONSOLIDADO DA DESPESA}{}% 1
\BOOKMARK [1][-]{section*.2}{ DEMONSTRATIVOS POR \323RG\303O E ENTIDADE}{}% 2
\BOOKMARK [1][-]{section*.3}{ PODER LEGISLATIVO }{}% 3
\BOOKMARK [1][-]{section*.3}{ 1.01.0 - ASSEMBLEIA LEGISLATIVA DO ESTADO DE MINAS GERAIS - ALMG }{}% 4
\BOOKMARK [2][-]{section*.4}{ 1.01.1 - ASSEMBLEIA LEGISLATIVA DO ESTADO DE MINAS GERAIS - ALMG }{section*.3}% 5
\BOOKMARK [2][-]{section*.5}{ 2.36.1 - INSTITUTO DE PREVID\312NCIA DO LEGISLATIVO DO ESTADO DE MINAS GERAIS - IPLEMG }{section*.3}% 6
\BOOKMARK [2][-]{section*.6}{ 4.12.1 - FUNDO DE APOIO HABITACIONAL DA ASSEMBLEIA LEGISLATIVA DE MINAS GERAIS - FUNDHAB }{section*.3}% 7
\BOOKMARK [1][-]{section*.7}{ 1.02.0 - TRIBUNAL DE CONTAS DO ESTADO DE MINAS GERAIS - TCEMG }{}% 8
\BOOKMARK [2][-]{section*.8}{ 1.02.1 - TRIBUNAL DE CONTAS DO ESTADO DE MINAS GERAIS - TCEMG }{section*.7}% 9
\BOOKMARK [2][-]{section*.9}{ 4.61.1 - FUNDO DO TRIBUNAL DE CONTAS DO ESTADO DE MINAS GERAIS - FUNCONTAS }{section*.7}% 10
\BOOKMARK [1][-]{section*.10}{ PODER JUDICI\301RIO }{}% 11
\BOOKMARK [1][-]{section*.10}{ 1.03.0 - TRIBUNAL DE JUSTI\307A DO ESTADO DE MINAS GERAIS - TJMG }{}% 12
\BOOKMARK [2][-]{section*.11}{ 1.03.1 - TRIBUNAL DE JUSTI\307A DO ESTADO DE MINAS GERAIS - TJMG }{section*.10}% 13
\BOOKMARK [2][-]{section*.12}{ 4.03.1 - FUNDO ESPECIAL DO PODER JUDICI\301RIO DO ESTADO DE MINAS GERAIS - FEPJ }{section*.10}% 14
\BOOKMARK [1][-]{section*.13}{ 1.05.0 - TRIBUNAL DE JUSTI\307A MILITAR DO ESTADO DE MINAS GERAIS - TJMMG }{}% 15
\BOOKMARK [2][-]{section*.14}{ 1.05.1 - TRIBUNAL DE JUSTI\307A MILITAR DO ESTADO DE MINAS GERAIS - TJMMG }{section*.13}% 16
\BOOKMARK [1][-]{section*.15}{ PODER EXECUTIVO }{}% 17
\BOOKMARK [1][-]{section*.15}{ 1.07.0 - GABINETE MILITAR DO GOVERNADOR DO ESTADO DE MINAS GERAIS - GMG }{}% 18
\BOOKMARK [2][-]{section*.16}{ 1.07.1 - GABINETE MILITAR DO GOVERNADOR DO ESTADO DE MINAS GERAIS - GABINETE MILITAR }{section*.15}% 19
\BOOKMARK [1][-]{section*.17}{ 1.08.0 - ADVOCACIA GERAL DO ESTADO - AGE }{}% 20
\BOOKMARK [2][-]{section*.18}{ 1.08.1 - ADVOCACIA GERAL DO ESTADO - AGE }{section*.17}% 21
\BOOKMARK [1][-]{section*.19}{ 1.10.0 - OUVIDORIA-GERAL DO ESTADO DE MINAS GERAIS - OGE }{}% 22
\BOOKMARK [2][-]{section*.20}{ 1.10.1 - OUVIDORIA-GERAL DO ESTADO DE MINAS GERAIS - OGE }{section*.19}% 23
\BOOKMARK [1][-]{section*.21}{ 1.19.0 - SECRETARIA DE ESTADO DE FAZENDA - SEF }{}% 24
\BOOKMARK [2][-]{section*.22}{ 1.19.1 - SECRETARIA DE ESTADO DE FAZENDA - SEF }{section*.21}% 25
\BOOKMARK [2][-]{section*.23}{ 2.04.1 - LOTERIA DO ESTADO DE MINAS GERAIS - LEMG }{section*.21}% 26
\BOOKMARK [2][-]{section*.24}{ 2.25.1 - JUNTA COMERCIAL DO ESTADO DE MINAS GERAIS - JUCEMG }{section*.21}% 27
\BOOKMARK [2][-]{section*.25}{ 4.62.1 - FUNDO DE INVESTIMENTO DO ESTADO DE MINAS GERAIS - MG INVESTE }{section*.21}% 28
\BOOKMARK [2][-]{section*.26}{ 4.65.1 - FUNDO ESPECIAL DE CR\311DITOS INADIMPLIDOS E D\315VIDA ATIVA - FECIDAT }{section*.21}% 29
\BOOKMARK [2][-]{section*.27}{ 4.66.1 - FUNDO DE ATIVOS IMOBILI\301RIOS DE MINAS GERAIS - FAIMG }{section*.21}% 30
\BOOKMARK [2][-]{section*.28}{ 4.67.1 - FUNDO DE INVESTIMENTOS IMOBILI\301RIOS DE MINAS GERAIS - FIIMG }{section*.21}% 31
\BOOKMARK [2][-]{section*.29}{ 4.72.1 - FUNDO ESTADUAL DE PREVID\312NCIA DO ESTADO DE MINAS GERAIS - FEPREMG }{section*.21}% 32
\BOOKMARK [1][-]{section*.30}{ 1.22.0 - SECRETARIA DE ESTADO DE DESENVOLVIMENTO ECON\324MICO - SEDE }{}% 33
\BOOKMARK [2][-]{section*.31}{ 1.22.1 - SECRETARIA DE ESTADO DE DESENVOLVIMENTO ECON\324MICO - SEDE }{section*.30}% 34
\BOOKMARK [2][-]{section*.32}{ 2.07.1 - FUNDA\307\303O DE AMPARO \300 PESQUISA DO ESTADO DE MINAS GERAIS - FAPEMIG }{section*.30}% 35
\BOOKMARK [2][-]{section*.33}{ 2.33.1 - INSTITUTO DE METROLOGIA E QUALIDADE DO ESTADO DE MINAS GERAIS - IPEMMG }{section*.30}% 36
\BOOKMARK [2][-]{section*.34}{ 2.42.1 - INSTITUTO DE DESENVOLVIMENTO DO NORTE E NORDESTE DE MINAS GERAIS - IDENE }{section*.30}% 37
\BOOKMARK [2][-]{section*.35}{ 2.43.1 - AG\312NCIA DE DESENVOLVIMENTO DA REGI\303O METROPOLITANA DE BELO HORIZONTE - AG\312NCIA RMBH }{section*.30}% 38
\BOOKMARK [2][-]{section*.36}{ 2.46.1 - AG\312NCIA DE DESENVOLVIMENTO DA REGI\303O METROPOLITANA DO VALE DO A\307O - ARMVA }{section*.30}% 39
\BOOKMARK [2][-]{section*.37}{ 4.11.1 - FUNDO DE FOMENTO E DESENVOLVIMENTO SOCIOECON\324MICO DO ESTADO DE MINAS GERAIS - FUNDESE }{section*.30}% 40
\BOOKMARK [2][-]{section*.38}{ 4.33.1 - FUNDO DE DESENVOLVIMENTO METROPOLITANO - FDM }{section*.30}% 41
\BOOKMARK [2][-]{section*.39}{ 4.53.1 - FUNDO DE INCENTIVO \300 INOVA\307\303O TECNOL\323GICA - FIIT }{section*.30}% 42
\BOOKMARK [1][-]{section*.40}{ 1.23.0 - SECRETARIA DE ESTADO DE AGRICULTURA, PECU\301RIA E ABASTECIMENTO - SEAPA }{}% 43
\BOOKMARK [2][-]{section*.41}{ 1.23.1 - SECRETARIA DE ESTADO DE AGRICULTURA, PECU\301RIA E ABASTECIMENTO - SEAPA - SEAPA }{section*.40}% 44
\BOOKMARK [2][-]{section*.42}{ 2.37.1 - INSTITUTO MINEIRO DE AGROPECU\301RIA - IMA }{section*.40}% 45
\BOOKMARK [2][-]{section*.43}{ 3.04.1 - EMPRESA DE ASSIST\312NCIA T\311CNICA E EXTENS\303O RURAL DO ESTADO DE MINAS GERAIS - EMATER }{section*.40}% 46
\BOOKMARK [2][-]{section*.44}{ 3.05.1 - EMPRESA DE PESQUISA AGROPECU\301RIA DE MINAS GERAIS - EPAMIG }{section*.40}% 47
\BOOKMARK [2][-]{section*.45}{ 4.17.1 - FUNDO ESTADUAL DE DESENVOLVIMENTO RURAL - FUNDERUR }{section*.40}% 48
\BOOKMARK [1][-]{section*.46}{ 1.25.0 - POL\315CIA MILITAR DO ESTADO DE MINAS GERAIS - PMMG }{}% 49
\BOOKMARK [2][-]{section*.47}{ 1.25.1 - POL\315CIA MILITAR DO ESTADO DE MINAS GERAIS - PMMG }{section*.46}% 50
\BOOKMARK [2][-]{section*.48}{ 2.12.1 - INSTITUTO DE PREVID\312NCIA DOS SERVIDORES MILITARES DO ESTADO DE MINAS GERAIS - IPSM }{section*.46}% 51
\BOOKMARK [2][-]{section*.49}{ 4.54.1 - FUNDO DE APOIO HABITACIONAL AOS MILITARES DO ESTADO DE MINAS GERAIS - FAHMEMG }{section*.46}% 52
\BOOKMARK [1][-]{section*.50}{ 1.26.0 - SECRETARIA DE ESTADO DE EDUCA\307\303O - SEE }{}% 53
\BOOKMARK [2][-]{section*.51}{ 1.26.1 - SECRETARIA DE ESTADO DE EDUCA\307\303O - SEE }{section*.50}% 54
\BOOKMARK [2][-]{section*.52}{ 2.15.1 - FUNDA\307\303O HELENA ANTIPOFF - FHA }{section*.50}% 55
\BOOKMARK [2][-]{section*.53}{ 2.16.1 - FUNDA\307\303O EDUCACIONAL CAIO MARTINS - FUCAM }{section*.50}% 56
\BOOKMARK [2][-]{section*.54}{ 2.31.1 - UNIVERSIDADE ESTADUAL DE MONTES CLAROS - UNIMONTES }{section*.50}% 57
\BOOKMARK [2][-]{section*.55}{ 2.35.1 - UNIVERSIDADE DO ESTADO DE MINAS GERAIS - UEMG }{section*.50}% 58
\BOOKMARK [1][-]{section*.56}{ 1.27.0 - SECRETARIA DE ESTADO DE CULTURA E TURISMO - SECULT }{}% 59
\BOOKMARK [2][-]{section*.57}{ 1.27.1 - SECRETARIA DE ESTADO DE CULTURA E TURISMO - SECULT }{section*.56}% 60
\BOOKMARK [2][-]{section*.58}{ 2.17.1 - FUNDA\307\303O DE ARTE DE OURO PRETO - FAOP }{section*.56}% 61
\BOOKMARK [2][-]{section*.59}{ 2.18.1 - FUNDA\307\303O CL\323VIS SALGADO - FCS }{section*.56}% 62
\BOOKMARK [2][-]{section*.60}{ 2.20.1 - INSTITUTO ESTADUAL DO PATRIM\324NIO HIST\323RICO E ART\315STICO DE MINAS GERAIS - IEPHA }{section*.56}% 63
\BOOKMARK [2][-]{section*.61}{ 2.21.1 - FUNDA\307\303O TV MINAS CULTURAL E EDUCATIVA - TV MINAS }{section*.56}% 64
\BOOKMARK [2][-]{section*.62}{ 3.15.1 - EMPRESA MINEIRA DE COMUNICA\307\303O - EMC }{section*.56}% 65
\BOOKMARK [2][-]{section*.63}{ 4.15.1 - FUNDO DE ASSIST\312NCIA AO TURISMO - FASTUR }{section*.56}% 66
\BOOKMARK [2][-]{section*.64}{ 4.49.1 - FUNDO ESTADUAL DE CULTURA - FEC }{section*.56}% 67
\BOOKMARK [1][-]{section*.65}{ 1.30.0 - SECRETARIA DE ESTADO DE INFRAESTRUTURA E MOBILIDADE - SEINFRA }{}% 68
\BOOKMARK [2][-]{section*.66}{ 1.30.1 - SECRETARIA DE ESTADO DE INFRAESTRUTURA E MOBILIDADE - SEINFRA }{section*.65}% 69
\BOOKMARK [2][-]{section*.67}{ 2.30.1 - DEPARTAMENTO DE EDIFICA\307\325ES E ESTRADAS DE RODAGEM DO ESTADO DE MINAS GERAIS - DER-MG }{section*.65}% 70
\BOOKMARK [2][-]{section*.68}{ 4.38.1 - FUNDO ESTADUAL DE DESENVOLVIMENTO DE TRANSPORTES - FUNTRANS }{section*.65}% 71
\BOOKMARK [2][-]{section*.69}{ 4.63.1 - FUNDO DE PAGAMENTO DE PARCERIAS P\332BLICO - PRIVADAS DE MINAS GERAIS - FPP - MG }{section*.65}% 72
\BOOKMARK [2][-]{section*.70}{ 4.64.1 - FUNDO DE GARANTIAS DE PARCERIAS P\332BLICO - PRIVADAS DE MINAS GERAIS - FGP - MG }{section*.65}% 73
\BOOKMARK [1][-]{section*.71}{ 1.32.0 - SECRETARIA DE ESTADO DE SA\332DE - SES }{}% 74
\BOOKMARK [2][-]{section*.72}{ 2.26.1 - FUNDA\307\303O EZEQUIEL DIAS - FUNED }{section*.71}% 75
\BOOKMARK [2][-]{section*.73}{ 2.27.1 - FUNDA\307\303O HOSPITALAR DO ESTADO DE MINAS GERAIS - FHEMIG }{section*.71}% 76
\BOOKMARK [2][-]{section*.74}{ 2.32.1 - FUNDA\307\303O CENTRO DE HEMATOLOGIA E HEMOTERAPIA DE MINAS GERAIS - HEMOMINAS }{section*.71}% 77
\BOOKMARK [2][-]{section*.75}{ 4.29.1 - FUNDO ESTADUAL DE SA\332DE - FES }{section*.71}% 78
\BOOKMARK [1][-]{section*.76}{ 1.37.0 - SECRETARIA DE ESTADO DE MEIO AMBIENTE E DESENVOLVIMENTO SUSTENT\301VEL - SEMAD }{}% 79
\BOOKMARK [2][-]{section*.77}{ 1.37.1 - SECRETARIA DE ESTADO DE MEIO AMBIENTE E DESENVOLVIMENTO SUSTENT\301VEL - SEMAD }{section*.76}% 80
\BOOKMARK [2][-]{section*.78}{ 2.09.1 - FUNDA\307\303O ESTADUAL DO MEIO AMBIENTE - FEAM }{section*.76}% 81
\BOOKMARK [2][-]{section*.79}{ 2.10.1 - INSTITUTO ESTADUAL DE FLORESTAS - IEF }{section*.76}% 82
\BOOKMARK [2][-]{section*.80}{ 2.24.1 - INSTITUTO MINEIRO DE GEST\303O DAS \301GUAS - IGAM }{section*.76}% 83
\BOOKMARK [2][-]{section*.81}{ 2.44.1 - AG\312NCIA REGULADORA DE SERVI\307OS DE ABASTECIMENTO DE \301GUA E DE ESGOTAMENTO SANIT\301RIO DO ESTADO DE MINAS GERAIS - ARSAE -MG }{section*.76}% 84
\BOOKMARK [2][-]{section*.82}{ 4.34.1 - FUNDO DE RECUPERA\307\303O, PROTE\307\303O E DESENVOLVIMENTO SUSTENT\301VEL DAS BACIAS HIDROGR\301FICAS DO ESTADO DE MINAS GERAIS - FHIDRO }{section*.76}% 85
\BOOKMARK [1][-]{section*.83}{ 1.40.0 - CORPO DE BOMBEIROS MILITAR DO ESTADO DE MINAS GERAIS - CBMMG }{}% 86
\BOOKMARK [2][-]{section*.84}{ 1.40.1 - CORPO DE BOMBEIROS MILITAR DO ESTADO DE MINAS GERAIS - CBMMG }{section*.83}% 87
\BOOKMARK [1][-]{section*.85}{ 1.45.0 - SECRETARIA DE ESTADO DE JUSTI\307A E SEGURAN\307A P\332BLICA - SEJUSP }{}% 88
\BOOKMARK [2][-]{section*.86}{ 1.45.1 - SECRETARIA DE ESTADO DE JUSTI\307A E SEGURAN\307A P\332BLICA - SEJUSP }{section*.85}% 89
\BOOKMARK [2][-]{section*.87}{ 4.14.1 - FUNDO PENITENCI\301RIO ESTADUAL - FPE }{section*.85}% 90
\BOOKMARK [2][-]{section*.88}{ 4.32.1 - FUNDO ESTADUAL DE PREVEN\307\303O, FISCALIZA\307\303O E REPRESS\303O DE ENTORPECENTES - FUNPREN }{section*.85}% 91
\BOOKMARK [2][-]{section*.89}{ 4.69.1 - FUNDO ESTADUAL DE SEGURAN\307A P\332BLICA DE MINAS GERAIS - FESP-MG }{section*.85}% 92
\BOOKMARK [1][-]{section*.90}{ 1.48.0 - SECRETARIA DE ESTADO DE DESENVOLVIMENTO SOCIAL - SEDESE }{}% 93
\BOOKMARK [2][-]{section*.91}{ 1.48.1 - SECRETARIA DE ESTADO DE DESENVOLVIMENTO SOCIAL - SEDESE }{section*.90}% 94
\BOOKMARK [2][-]{section*.92}{ 2.28.1 - FUNDA\307\303O DE EDUCA\307\303O PARA O TRABALHO DE MINAS GERAIS - UTRAMIG }{section*.90}% 95
\BOOKMARK [2][-]{section*.93}{ 4.09.1 - FUNDO PARA A INF\302NCIA E A ADOLESC\312NCIA - FIA }{section*.90}% 96
\BOOKMARK [2][-]{section*.94}{ 4.10.1 - FUNDO ESTADUAL DE HABITA\307\303O - FEH }{section*.90}% 97
\BOOKMARK [2][-]{section*.95}{ 4.25.1 - FUNDO ESTADUAL DE ASSIST\312NCIA SOCIAL - FEAS }{section*.90}% 98
\BOOKMARK [2][-]{section*.96}{ 4.42.1 - FUNDO ESTADUAL DE DEFESA DE DIREITOS DIFUSOS - FUNDIF }{section*.90}% 99
\BOOKMARK [2][-]{section*.97}{ 4.60.1 - FUNDO ESTADUAL DOS DIREITOS DO IDOSO - FEI }{section*.90}% 100
\BOOKMARK [2][-]{section*.98}{ 4.70.1 - FUNDO ESTADUAL DO TRABALHO DE MINAS GERAIS - FET-MG }{section*.90}% 101
\BOOKMARK [1][-]{section*.99}{ 1.49.0 - SECRETARIA DE ESTADO DE GOVERNO - SEGOV }{}% 102
\BOOKMARK [2][-]{section*.100}{ 1.49.1 - SECRETARIA DE ESTADO DE GOVERNO - SEGOV }{section*.99}% 103
\BOOKMARK [1][-]{section*.101}{ 1.50.0 - SECRETARIA DE ESTADO DE PLANEJAMENTO E GEST\303O - SEPLAG }{}% 104
\BOOKMARK [2][-]{section*.102}{ 1.50.1 - SECRETARIA DE ESTADO DE PLANEJAMENTO E GEST\303O - SEPLAG }{section*.101}% 105
\BOOKMARK [2][-]{section*.103}{ 2.01.1 - INSTITUTO DE PREVID\312NCIA DOS SERVIDORES DO ESTADO DE MINAS GERAIS - IPSEMG }{section*.101}% 106
\BOOKMARK [2][-]{section*.104}{ 2.06.1 - FUNDA\307\303O JO\303O PINHEIRO - FJP }{section*.101}% 107
\BOOKMARK [2][-]{section*.105}{ 4.55.1 - FUNDO DE ASSIST\312NCIA AO PEC\332LIO DOS SERVIDORES DO ESTADO DE MINAS GERAIS - FUNAPEC }{section*.101}% 108
\BOOKMARK [2][-]{section*.106}{ 4.71.1 - FUNDO FINANCEIRO DE PREVID\312NCIA DO ESTADO DE MINAS GERAIS - FFP - MG }{section*.101}% 109
\BOOKMARK [1][-]{section*.107}{ 1.51.0 - POL\315CIA CIVIL DO ESTADO DE MINAS GERAIS - PCMG }{}% 110
\BOOKMARK [2][-]{section*.108}{ 1.51.1 - POL\315CIA CIVIL DO ESTADO DE MINAS GERAIS - PCMG }{section*.107}% 111
\BOOKMARK [1][-]{section*.109}{ 1.52.0 - CONTROLADORIA-GERAL DO ESTADO - CGE }{}% 112
\BOOKMARK [2][-]{section*.110}{ 1.52.1 - CONTROLADORIA-GERAL DO ESTADO - CGE }{section*.109}% 113
\BOOKMARK [1][-]{section*.111}{ 1.54.0 - ESCOLA DE SA\332DE P\332BLICA DO ESTADO DE MINAS GERAIS - ESP MG }{}% 114
\BOOKMARK [2][-]{section*.112}{ 1.54.1 - ESCOLA DE SA\332DE P\332BLICA DO ESTADO DE MINAS GERAIS - ESP MG }{section*.111}% 115
\BOOKMARK [1][-]{section*.113}{ 1.63.0 - GOVERNADORIA DO ESTADO - GOVERNADORIA }{}% 116
\BOOKMARK [2][-]{section*.114}{ 1.63.1 - SECRETARIA-GERAL - SEC. GERAL }{section*.113}% 117
\BOOKMARK [1][-]{section*.115}{ 1.91.0 - ENCARGOS GERAIS DO ESTADO - SECRETARIA DE ESTADO DE FAZENDA - EGE SEF }{}% 118
\BOOKMARK [2][-]{section*.116}{ 1.91.1 - EGE SEC.FAZENDA-ENCARGOS DIVERSOS - EGE - SEF }{section*.115}% 119
\BOOKMARK [2][-]{section*.117}{ 1.91.5 - PARTICIPA\307\303O NO AUMENTO DO CAPITAL SOCIAL DE EMPRESAS - PARTICIPA\307\303O EMPRESAS }{section*.115}% 120
\BOOKMARK [2][-]{section*.118}{ 1.91.6 - GEST\303O DA D\315VIDA P\332BLICA ESTADUAL - GDPE - SEF }{section*.115}% 121
\BOOKMARK [2][-]{section*.119}{ 1.91.7 - GEST\303O IMOBILI\301RIA - IMOVEIS }{section*.115}% 122
\BOOKMARK [1][-]{section*.120}{ 1.94.0 - ENCARGOS GERAIS DO ESTADO - SECRETARIA DE ESTADO DE PLANEJAMENTO E GEST\303O - EGE SEPLAG }{}% 123
\BOOKMARK [2][-]{section*.121}{ 1.94.1 - EGE-SECRETARIA DE ESTADO DE PLANEJAMENTO E GEST\303O - EGE-SEPLAG }{section*.120}% 124
\BOOKMARK [1][-]{section*.122}{ 1.99.0 - RESERVA DE CONTING\312NCIA - RC }{}% 125
\BOOKMARK [2][-]{section*.123}{ 1.99.1 - RESERVA DE CONTING\312NCIA - RC }{section*.122}% 126
\BOOKMARK [1][-]{section*.124}{ MINIST\311RIO P\332BLICO }{}% 127
\BOOKMARK [1][-]{section*.124}{ 1.09.0 - MINIST\311RIO P\332BLICO DO ESTADO DE MINAS GERAIS - MPMG }{}% 128
\BOOKMARK [2][-]{section*.125}{ 1.09.1 - PROCURADORIA GERAL DE JUSTI\307A - PGJ }{section*.124}% 129
\BOOKMARK [2][-]{section*.126}{ 4.44.1 - FUNDO ESPECIAL DO MINIST\311RIO P\332BLICO DO ESTADO DE MINAS GERAIS - FUNEMP }{section*.124}% 130
\BOOKMARK [2][-]{section*.127}{ 4.45.1 - FUNDO ESTADUAL DE PROTE\307\303O E DEFESA DO CONSUMIDOR - FEPDC }{section*.124}% 131
\BOOKMARK [1][-]{section*.128}{ DEFENSORIA P\332BLICA }{}% 132
\BOOKMARK [1][-]{section*.128}{ 1.44.0 - DEFENSORIA PUBLICA DO ESTADO DE MINAS GERAIS - DEF PUB }{}% 133
\BOOKMARK [2][-]{section*.129}{ 1.44.1 - DEFENSORIA PUBLICA DO ESTADO DE MINAS GERAIS - DEF PUB }{section*.128}% 134
\BOOKMARK [1][-]{section*.131}{GRUPOS DE DESPESA, FONTES DE RECURSO, IDENTIFICADORES DE PROCED\312NCIA E USO E IDENTIFICADOR DE A\307\303O GOVERNAMENTAL}{}% 135
