\BOOKMARK [1][-]{section*.1}{ DEMONSTRATIVOS POR \323RG\303O E ENTIDADE}{}% 1
\BOOKMARK [1][-]{section*.2}{ PODER EXECUTIVO }{}% 2
\BOOKMARK [1][-]{section*.3}{ 1.30.0 - SECRETARIA DE ESTADO DE INFRAESTRUTURA E MOBILIDADE - SEINFRA }{}% 3
\BOOKMARK [2][-]{section*.4}{ 1.30.1 - SECRETARIA DE ESTADO DE INFRAESTRUTURA E MOBILIDADE - SEINFRA }{section*.3}% 4
\BOOKMARK [2][-]{section*.5}{ 2.30.1 - DEPARTAMENTO DE EDIFICA\307\325ES E ESTRADAS DE RODAGEM DO ESTADO DE MINAS GERAIS - DER-MG }{section*.3}% 5
\BOOKMARK [2][-]{section*.6}{ 4.38.1 - FUNDO ESTADUAL DE DESENVOLVIMENTO DE TRANSPORTES - FUNTRANS }{section*.3}% 6
\BOOKMARK [2][-]{section*.7}{ 4.63.1 - FUNDO DE PAGAMENTO DE PARCERIAS P\332BLICO - PRIVADAS DE MINAS GERAIS - FPP - MG }{section*.3}% 7
\BOOKMARK [2][-]{section*.8}{ 4.64.1 - FUNDO DE GARANTIAS DE PARCERIAS P\332BLICO - PRIVADAS DE MINAS GERAIS - FGP - MG }{section*.3}% 8
\BOOKMARK [1][-]{section*.9}{ 1.32.0 - SECRETARIA DE ESTADO DE SA\332DE - SES }{}% 9
\BOOKMARK [2][-]{section*.10}{ 2.26.1 - FUNDA\307\303O EZEQUIEL DIAS - FUNED }{section*.9}% 10
\BOOKMARK [2][-]{section*.11}{ 2.27.1 - FUNDA\307\303O HOSPITALAR DO ESTADO DE MINAS GERAIS - FHEMIG }{section*.9}% 11
\BOOKMARK [2][-]{section*.12}{ 2.32.1 - FUNDA\307\303O CENTRO DE HEMATOLOGIA E HEMOTERAPIA DE MINAS GERAIS - HEMOMINAS }{section*.9}% 12
\BOOKMARK [2][-]{section*.13}{ 4.29.1 - FUNDO ESTADUAL DE SA\332DE - FES }{section*.9}% 13
\BOOKMARK [1][-]{section*.14}{ 1.37.0 - SECRETARIA DE ESTADO DE MEIO AMBIENTE E DESENVOLVIMENTO SUSTENT\301VEL - SEMAD }{}% 14
\BOOKMARK [2][-]{section*.15}{ 1.37.1 - SECRETARIA DE ESTADO DE MEIO AMBIENTE E DESENVOLVIMENTO SUSTENT\301VEL - SEMAD }{section*.14}% 15
\BOOKMARK [2][-]{section*.16}{ 2.09.1 - FUNDA\307\303O ESTADUAL DO MEIO AMBIENTE - FEAM }{section*.14}% 16
\BOOKMARK [2][-]{section*.17}{ 2.10.1 - INSTITUTO ESTADUAL DE FLORESTAS - IEF }{section*.14}% 17
\BOOKMARK [2][-]{section*.18}{ 2.24.1 - INSTITUTO MINEIRO DE GEST\303O DAS \301GUAS - IGAM }{section*.14}% 18
\BOOKMARK [2][-]{section*.19}{ 2.44.1 - AG\312NCIA REGULADORA DE SERVI\307OS DE ABASTECIMENTO DE \301GUA E DE ESGOTAMENTO SANIT\301RIO DO ESTADO DE MINAS GERAIS - ARSAE -MG }{section*.14}% 19
\BOOKMARK [2][-]{section*.20}{ 4.34.1 - FUNDO DE RECUPERA\307\303O, PROTE\307\303O E DESENVOLVIMENTO SUSTENT\301VEL DAS BACIAS HIDROGR\301FICAS DO ESTADO DE MINAS GERAIS - FHIDRO }{section*.14}% 20
\BOOKMARK [1][-]{section*.21}{ 1.40.0 - CORPO DE BOMBEIROS MILITAR DO ESTADO DE MINAS GERAIS - CBMMG }{}% 21
\BOOKMARK [2][-]{section*.22}{ 1.40.1 - CORPO DE BOMBEIROS MILITAR DO ESTADO DE MINAS GERAIS - CBMMG }{section*.21}% 22
\BOOKMARK [1][-]{section*.23}{ 1.45.0 - SECRETARIA DE ESTADO DE JUSTI\307A E SEGURAN\307A P\332BLICA - SEJUSP }{}% 23
\BOOKMARK [2][-]{section*.24}{ 1.45.1 - SECRETARIA DE ESTADO DE JUSTI\307A E SEGURAN\307A P\332BLICA - SEJUSP }{section*.23}% 24
\BOOKMARK [2][-]{section*.25}{ 4.14.1 - FUNDO PENITENCI\301RIO ESTADUAL - FPE }{section*.23}% 25
\BOOKMARK [2][-]{section*.26}{ 4.32.1 - FUNDO ESTADUAL DE PREVEN\307\303O, FISCALIZA\307\303O E REPRESS\303O DE ENTORPECENTES - FUNPREN }{section*.23}% 26
\BOOKMARK [2][-]{section*.27}{ 4.69.1 - FUNDO ESTADUAL DE SEGURAN\307A P\332BLICA DE MINAS GERAIS - FESP-MG }{section*.23}% 27
\BOOKMARK [1][-]{section*.28}{ 1.48.0 - SECRETARIA DE ESTADO DE DESENVOLVIMENTO SOCIAL - SEDESE }{}% 28
\BOOKMARK [2][-]{section*.29}{ 1.48.1 - SECRETARIA DE ESTADO DE DESENVOLVIMENTO SOCIAL - SEDESE }{section*.28}% 29
\BOOKMARK [2][-]{section*.30}{ 2.28.1 - FUNDA\307\303O DE EDUCA\307\303O PARA O TRABALHO DE MINAS GERAIS - UTRAMIG }{section*.28}% 30
\BOOKMARK [2][-]{section*.31}{ 4.09.1 - FUNDO PARA A INF\302NCIA E A ADOLESC\312NCIA - FIA }{section*.28}% 31
\BOOKMARK [2][-]{section*.32}{ 4.10.1 - FUNDO ESTADUAL DE HABITA\307\303O - FEH }{section*.28}% 32
\BOOKMARK [2][-]{section*.33}{ 4.25.1 - FUNDO ESTADUAL DE ASSIST\312NCIA SOCIAL - FEAS }{section*.28}% 33
\BOOKMARK [2][-]{section*.34}{ 4.42.1 - FUNDO ESTADUAL DE DEFESA DE DIREITOS DIFUSOS - FUNDIF }{section*.28}% 34
\BOOKMARK [2][-]{section*.35}{ 4.60.1 - FUNDO ESTADUAL DOS DIREITOS DO IDOSO - FEI }{section*.28}% 35
\BOOKMARK [2][-]{section*.36}{ 4.70.1 - FUNDO ESTADUAL DO TRABALHO DE MINAS GERAIS - FET-MG }{section*.28}% 36
\BOOKMARK [1][-]{section*.37}{ 1.49.0 - SECRETARIA DE ESTADO DE GOVERNO - SEGOV }{}% 37
\BOOKMARK [2][-]{section*.38}{ 1.49.1 - SECRETARIA DE ESTADO DE GOVERNO - SEGOV }{section*.37}% 38
\BOOKMARK [1][-]{section*.39}{ 1.50.0 - SECRETARIA DE ESTADO DE PLANEJAMENTO E GEST\303O - SEPLAG }{}% 39
\BOOKMARK [2][-]{section*.40}{ 1.50.1 - SECRETARIA DE ESTADO DE PLANEJAMENTO E GEST\303O - SEPLAG }{section*.39}% 40
\BOOKMARK [2][-]{section*.41}{ 2.01.1 - INSTITUTO DE PREVID\312NCIA DOS SERVIDORES DO ESTADO DE MINAS GERAIS - IPSEMG }{section*.39}% 41
\BOOKMARK [2][-]{section*.42}{ 2.06.1 - FUNDA\307\303O JO\303O PINHEIRO - FJP }{section*.39}% 42
\BOOKMARK [2][-]{section*.43}{ 4.55.1 - FUNDO DE ASSIST\312NCIA AO PEC\332LIO DOS SERVIDORES DO ESTADO DE MINAS GERAIS - FUNAPEC }{section*.39}% 43
\BOOKMARK [2][-]{section*.44}{ 4.71.1 - FUNDO FINANCEIRO DE PREVID\312NCIA DO ESTADO DE MINAS GERAIS - FFP - MG }{section*.39}% 44
\BOOKMARK [1][-]{section*.45}{ 1.51.0 - POL\315CIA CIVIL DO ESTADO DE MINAS GERAIS - PCMG }{}% 45
\BOOKMARK [2][-]{section*.46}{ 1.51.1 - POL\315CIA CIVIL DO ESTADO DE MINAS GERAIS - PCMG }{section*.45}% 46
\BOOKMARK [1][-]{section*.47}{ 1.52.0 - CONTROLADORIA-GERAL DO ESTADO - CGE }{}% 47
\BOOKMARK [2][-]{section*.48}{ 1.52.1 - CONTROLADORIA-GERAL DO ESTADO - CGE }{section*.47}% 48
\BOOKMARK [1][-]{section*.49}{ 1.54.0 - ESCOLA DE SA\332DE P\332BLICA DO ESTADO DE MINAS GERAIS - ESP MG }{}% 49
\BOOKMARK [2][-]{section*.50}{ 1.54.1 - ESCOLA DE SA\332DE P\332BLICA DO ESTADO DE MINAS GERAIS - ESP MG }{section*.49}% 50
\BOOKMARK [1][-]{section*.51}{ 1.63.0 - GOVERNADORIA DO ESTADO - GOVERNADORIA }{}% 51
\BOOKMARK [2][-]{section*.52}{ 1.63.1 - SECRETARIA-GERAL - SEC. GERAL }{section*.51}% 52
\BOOKMARK [1][-]{section*.53}{ 1.91.0 - ENCARGOS GERAIS DO ESTADO - SECRETARIA DE ESTADO DE FAZENDA - EGE SEF }{}% 53
\BOOKMARK [2][-]{section*.54}{ 1.91.1 - EGE SEC.FAZENDA-ENCARGOS DIVERSOS - EGE - SEF }{section*.53}% 54
\BOOKMARK [2][-]{section*.55}{ 1.91.5 - PARTICIPA\307\303O NO AUMENTO DO CAPITAL SOCIAL DE EMPRESAS - PARTICIPA\307\303O EMPRESAS }{section*.53}% 55
\BOOKMARK [2][-]{section*.56}{ 1.91.6 - GEST\303O DA D\315VIDA P\332BLICA ESTADUAL - GDPE - SEF }{section*.53}% 56
\BOOKMARK [2][-]{section*.57}{ 1.91.7 - GEST\303O IMOBILI\301RIA - IMOVEIS }{section*.53}% 57
\BOOKMARK [1][-]{section*.58}{ 1.94.0 - ENCARGOS GERAIS DO ESTADO - SECRETARIA DE ESTADO DE PLANEJAMENTO E GEST\303O - EGE SEPLAG }{}% 58
\BOOKMARK [2][-]{section*.59}{ 1.94.1 - EGE-SECRETARIA DE ESTADO DE PLANEJAMENTO E GEST\303O - EGE-SEPLAG }{section*.58}% 59
\BOOKMARK [1][-]{section*.60}{ 1.99.0 - RESERVA DE CONTING\312NCIA - RC }{}% 60
\BOOKMARK [2][-]{section*.61}{ 1.99.1 - RESERVA DE CONTING\312NCIA - RC }{section*.60}% 61
\BOOKMARK [1][-]{section*.62}{ MINIST\311RIO P\332BLICO }{}% 62
\BOOKMARK [1][-]{section*.63}{ 1.09.0 - MINIST\311RIO P\332BLICO DO ESTADO DE MINAS GERAIS - MPMG }{}% 63
\BOOKMARK [2][-]{section*.64}{ 1.09.1 - PROCURADORIA GERAL DE JUSTI\307A - PGJ }{section*.63}% 64
\BOOKMARK [2][-]{section*.65}{ 4.44.1 - FUNDO ESPECIAL DO MINIST\311RIO P\332BLICO DO ESTADO DE MINAS GERAIS - FUNEMP }{section*.63}% 65
\BOOKMARK [2][-]{section*.66}{ 4.45.1 - FUNDO ESTADUAL DE PROTE\307\303O E DEFESA DO CONSUMIDOR - FEPDC }{section*.63}% 66
\BOOKMARK [1][-]{section*.67}{ DEFENSORIA P\332BLICA }{}% 67
\BOOKMARK [1][-]{section*.68}{ 1.44.0 - DEFENSORIA PUBLICA DO ESTADO DE MINAS GERAIS - DEF PUB }{}% 68
\BOOKMARK [2][-]{section*.69}{ 1.44.1 - DEFENSORIA PUBLICA DO ESTADO DE MINAS GERAIS - DEF PUB }{section*.68}% 69
\BOOKMARK [1][-]{section*.70}{GRUPOS DE DESPESA, FONTES DE RECURSO, IDENTIFICADORES DE PROCED\312NCIA E USO E IDENTIFICADORES DE A\307\303O GOVERNAMENTAL}{}% 70
